app/dashboard/sales-orders/[id]/proforma-print/page.tsx(48,17): error TS2322: Type 'SalesOrderWithRelations' is not assignable to type 'SalesOrderDetailOrder'.
  Type 'SalesOrderWithRelations' is not assignable to type '{ salesPerson: null; items: { id: number; discount: string; salesOrderId: number; productId: number | null; quantity: number; unitPrice: string; tax: string; product: { id: number; brand: string | null; ... 13 more ...; isConsignment: boolean; } | null; }[]; ... 19 more ...; customer: { ...; }; }'.
    Types of property 'salesPerson' are incompatible.
      Type '{ id: string; name: string; email: string; createdAt: Date; updatedAt: Date; emailVerified: boolean; image: string | null; role: string; department: string | null; jobTitle: string | null; banned: boolean | null; banReason: string | null; banExpires: Date | null; } | null' is not assignable to type 'null'.
        Type '{ id: string; name: string; email: string; createdAt: Date; updatedAt: Date; emailVerified: boolean; image: string | null; role: string; department: string | null; jobTitle: string | null; banned: boolean | null; banReason: string | null; banExpires: Date | null; }' is not assignable to type 'null'.
app/dashboard/sales-orders/[id]/proforma/page.tsx(1,10): error TS2300: Duplicate identifier 'getSalesOrder'.
app/dashboard/sales-orders/[id]/proforma/page.tsx(5,15): error TS2300: Duplicate identifier 'getSalesOrder'.
app/dashboard/sales-orders/_components/sales-order-detail.tsx(227,60): error TS2551: Property 'createdByUser' does not exist on type 'SalesOrderDetailOrder'. Did you mean 'createdBy'?
  Property 'createdByUser' does not exist on type '{ items: { id: number; discount: string; salesOrderId: number; productId: number | null; quantity: number; unitPrice: string; tax: string; product: { id: number; brand: string | null; createdAt: Date; ... 12 more ...; isConsignment: boolean; } | null; }[]; ... 19 more ...; customer: { ...; }; }'.
app/dashboard/sales-orders/_components/sales-order-detail.tsx(229,56): error TS2551: Property 'createdByUser' does not exist on type 'SalesOrderDetailOrder'. Did you mean 'createdBy'?
  Property 'createdByUser' does not exist on type '{ items: { id: number; discount: string; salesOrderId: number; productId: number | null; quantity: number; unitPrice: string; tax: string; product: { id: number; brand: string | null; createdAt: Date; ... 12 more ...; isConsignment: boolean; } | null; }[]; ... 19 more ...; customer: { ...; }; }'.
app/dashboard/sales-orders/_components/sales-order-detail.tsx(236,85): error TS2551: Property 'salesPerson' does not exist on type 'SalesOrderDetailOrder'. Did you mean 'salesPersonId'?
  Property 'salesPerson' does not exist on type '{ items: { id: number; discount: string; salesOrderId: number; productId: number | null; quantity: number; unitPrice: string; tax: string; product: { id: number; brand: string | null; createdAt: Date; ... 12 more ...; isConsignment: boolean; } | null; }[]; ... 19 more ...; customer: { ...; }; }'.
app/dashboard/sales-orders/_components/sales-order-table.tsx(7,79): error TS2300: Duplicate identifier 'getSalesOrders'.
app/dashboard/sales-orders/_components/sales-order-table.tsx(75,15): error TS2300: Duplicate identifier 'getSalesOrders'.
app/dashboard/sales-orders/_components/sales-order-table.tsx(207,76): error TS2345: Argument of type '{ items: { id: number; discount: string; salesOrderId: number; productId: number | null; quantity: number; unitPrice: string; tax: string; product: { id: number; brand: string | null; createdAt: Date; ... 12 more ...; isConsignment: boolean; } | null; }[]; ... 20 more ...; createdByUser: { ...; } | null; } | { ...; }' is not assignable to parameter of type 'SalesOrderWithRelations'.
  Type '{ items: { id: number; discount: string; salesOrderId: number; productId: number | null; quantity: number; unitPrice: string; tax: string; product: { id: number; brand: string | null; createdAt: Date; ... 12 more ...; isConsignment: boolean; } | null; }[]; ... 20 more ...; createdByUser: { ...; } | null; }' is not assignable to type 'SalesOrderWithRelations'.
    Property 'salesPerson' is missing in type '{ items: { id: number; discount: string; salesOrderId: number; productId: number | null; quantity: number; unitPrice: string; tax: string; product: { id: number; brand: string | null; createdAt: Date; ... 12 more ...; isConsignment: boolean; } | null; }[]; ... 20 more ...; createdByUser: { ...; } | null; }' but required in type '{ customer: { id: number; name: string; customerCode: string; contactName: string | null; email: string | null; birthday: string | null; address1: string | null; address2: string | null; ... 4 more ...; updatedAt: Date; } | null; createdByUser: { ...; } | null; salesPerson: { ...; } | null; items: ({ ...; } & { ...;...'.
app/dashboard/sales-orders/_components/sales-order-table.tsx(575,9): error TS2322: Type '({ items: { id: number; discount: string; salesOrderId: number; productId: number | null; quantity: number; unitPrice: string; tax: string; product: { id: number; brand: string | null; createdAt: Date; ... 12 more ...; isConsignment: boolean; } | null; }[]; ... 20 more ...; createdByUser: { ...; } | null; } | { ...;...' is not assignable to type 'SalesOrderWithRelations[]'.
  Type '{ items: { id: number; discount: string; salesOrderId: number; productId: number | null; quantity: number; unitPrice: string; tax: string; product: { id: number; brand: string | null; createdAt: Date; ... 12 more ...; isConsignment: boolean; } | null; }[]; ... 20 more ...; createdByUser: { ...; } | null; } | { ...; }' is not assignable to type 'SalesOrderWithRelations'.
    Type '{ items: { id: number; discount: string; salesOrderId: number; productId: number | null; quantity: number; unitPrice: string; tax: string; product: { id: number; brand: string | null; createdAt: Date; ... 12 more ...; isConsignment: boolean; } | null; }[]; ... 20 more ...; createdByUser: { ...; } | null; }' is not assignable to type 'SalesOrderWithRelations'.
      Property 'salesPerson' is missing in type '{ items: { id: number; discount: string; salesOrderId: number; productId: number | null; quantity: number; unitPrice: string; tax: string; product: { id: number; brand: string | null; createdAt: Date; ... 12 more ...; isConsignment: boolean; } | null; }[]; ... 20 more ...; createdByUser: { ...; } | null; }' but required in type '{ customer: { id: number; name: string; customerCode: string; contactName: string | null; email: string | null; birthday: string | null; address1: string | null; address2: string | null; ... 4 more ...; updatedAt: Date; } | null; createdByUser: { ...; } | null; salesPerson: { ...; } | null; items: ({ ...; } & { ...;...'.
app/dashboard/sales-orders/_components/sales-order-table.tsx(1175,17): error TS2322: Type 'SalesOrderWithRelations | null' is not assignable to type 'SalesOrderDetailOrder | null'.
  Type 'SalesOrderWithRelations' is not assignable to type 'SalesOrderDetailOrder | null'.
    Type 'SalesOrderWithRelations' is not assignable to type '{ salesPerson: null; items: { id: number; discount: string; salesOrderId: number; productId: number | null; quantity: number; unitPrice: string; tax: string; product: { id: number; brand: string | null; ... 13 more ...; isConsignment: boolean; } | null; }[]; ... 19 more ...; customer: { ...; }; }'.
      Types of property 'salesPerson' are incompatible.
        Type '{ id: string; name: string; email: string; createdAt: Date; updatedAt: Date; emailVerified: boolean; image: string | null; role: string; department: string | null; jobTitle: string | null; banned: boolean | null; banReason: string | null; banExpires: Date | null; } | null' is not assignable to type 'null'.
          Type '{ id: string; name: string; email: string; createdAt: Date; updatedAt: Date; emailVerified: boolean; image: string | null; role: string; department: string | null; jobTitle: string | null; banned: boolean | null; banReason: string | null; banExpires: Date | null; }' is not assignable to type 'null'.
app/dashboard/sales-orders/page.tsx(1,10): error TS2300: Duplicate identifier 'getSalesOrders'.
app/dashboard/sales-orders/page.tsx(9,15): error TS2300: Duplicate identifier 'getSalesOrders'.
app/print/proforma/[id]/page.tsx(48,17): error TS2322: Type 'SalesOrderWithRelations' is not assignable to type 'SalesOrderDetailOrder'.
  Type 'SalesOrderWithRelations' is not assignable to type '{ salesPerson: null; items: { id: number; discount: string; salesOrderId: number; productId: number | null; quantity: number; unitPrice: string; tax: string; product: { id: number; brand: string | null; ... 13 more ...; isConsignment: boolean; } | null; }[]; ... 19 more ...; customer: { ...; }; }'.
    Types of property 'salesPerson' are incompatible.
      Type '{ id: string; name: string; email: string; createdAt: Date; updatedAt: Date; emailVerified: boolean; image: string | null; role: string; department: string | null; jobTitle: string | null; banned: boolean | null; banReason: string | null; banExpires: Date | null; } | null' is not assignable to type 'null'.
        Type '{ id: string; name: string; email: string; createdAt: Date; updatedAt: Date; emailVerified: boolean; image: string | null; role: string; department: string | null; jobTitle: string | null; banned: boolean | null; banReason: string | null; banExpires: Date | null; }' is not assignable to type 'null'.
