app/dashboard/cost-settlements/[id]/_components/settlement-pdf-preview.tsx(44,30): error TS7006: Parameter 'prev' implicitly has an 'any' type.
app/dashboard/cost-settlements/[id]/_components/settlement-pdf-preview.tsx(189,65): error TS7006: Parameter 'sig' implicitly has an 'any' type.
app/dashboard/cost-settlements/[id]/_components/settlement-pdf-preview.tsx(189,70): error TS7006: Parameter 'idx' implicitly has an 'any' type.
app/dashboard/cost-settlements/[id]/_components/settlement-pdf-preview.tsx(196,65): error TS7006: Parameter 'sig' implicitly has an 'any' type.
app/dashboard/cost-settlements/[id]/_components/settlement-pdf-preview.tsx(196,70): error TS7006: Parameter 'idx' implicitly has an 'any' type.
app/dashboard/deliveries/_components/delivery-table.tsx(1582,17): error TS2719: Type 'DeliveryWithRelations | null' is not assignable to type 'DeliveryWithRelations | null'. Two different types with this name exist, but they are unrelated.
  Type 'DeliveryWithRelations' is missing the following properties from type 'DeliveryWithRelations': isExternal, vendorName, awbNumber, tripDestination, and 11 more.
app/dashboard/do-monitoring/_components/do-monitoring-table.tsx(192,40): error TS2339: Property 'name' does not exist on type '{ id: number; createdAt: Date; updatedAt: Date; sloc: string; description: string | null; type: string | null; }'.
app/dashboard/do-monitoring/_components/do-monitoring-table.tsx(192,61): error TS2339: Property 'name' does not exist on type '{ id: number; createdAt: Date; updatedAt: Date; sloc: string; description: string | null; type: string | null; }'.
app/dashboard/do-monitoring/_components/do-monitoring-table.tsx(417,49): error TS2339: Property 'name' does not exist on type '{ id: number; createdAt: Date; updatedAt: Date; sloc: string; description: string | null; type: string | null; }'.
app/dashboard/do-monitoring/_components/do-monitoring-table.tsx(420,56): error TS2339: Property 'name' does not exist on type '{ id: number; createdAt: Date; updatedAt: Date; sloc: string; description: string | null; type: string | null; }'.
app/dashboard/do-monitoring/_components/do-monitoring-table.tsx(628,30): error TS2339: Property 'name' does not exist on type '{ id: number; createdAt: Date; updatedAt: Date; sloc: string; description: string | null; type: string | null; }'.
app/dashboard/do-monitoring/_components/do-monitoring-table.tsx(766,83): error TS2339: Property 'name' does not exist on type '{ id: number; createdAt: Date; updatedAt: Date; sloc: string; description: string | null; type: string | null; }'.
app/dashboard/do-monitoring/_components/do-monitoring-table.tsx(807,50): error TS2345: Argument of type 'DateRange' is not assignable to parameter of type 'SetStateAction<{ from: Date | undefined; to: Date | undefined; }>'.
  Type 'DateRange' is not assignable to type '{ from: Date | undefined; to: Date | undefined; }'.
    Property 'to' is optional in type 'DateRange' but required in type '{ from: Date | undefined; to: Date | undefined; }'.
app/dashboard/do-monitoring/_components/edit-do-dialog.tsx(127,13): error TS2353: Object literal may only specify known properties, and 'doSap' does not exist in type '{ returnDoDate?: Date | null | undefined; invoiceNumber?: string | null | undefined; invoiceDate?: Date | null | undefined; doStatus?: string | undefined; remark?: string | null | undefined; scanDoDocument?: string | ... 1 more ... | undefined; }'.
app/dashboard/inventory-ml/_components/dashboard-tab.tsx(56,28): error TS2345: Argument of type '{ predictions7Days: number; predictions30Days: number; predictionsByType: { replenishment: number; safetyStock: number; customerRecommendation: number; }; topRestockProducts: { productCode: string; productName: string | null; recommendedStock: number; currentStock: number | null; }[]; productsNearRestock: number; av...' is not assignable to parameter of type 'SetStateAction<DashboardMetrics | null>'.
  Type '{ predictions7Days: number; predictions30Days: number; predictionsByType: { replenishment: number; safetyStock: number; customerRecommendation: number; }; topRestockProducts: { productCode: string; productName: string | null; recommendedStock: number; currentStock: number | null; }[]; productsNearRestock: number; av...' is not assignable to type 'DashboardMetrics'.
    Types of property 'topRestockProducts' are incompatible.
      Type '{ productCode: string; productName: string | null; recommendedStock: number; currentStock: number | null; }[]' is not assignable to type '{ productCode: string; productName: string; recommendedStock: number; currentStock: number | null; }[]'.
        Type '{ productCode: string; productName: string | null; recommendedStock: number; currentStock: number | null; }' is not assignable to type '{ productCode: string; productName: string; recommendedStock: number; currentStock: number | null; }'.
          Types of property 'productName' are incompatible.
            Type 'string | null' is not assignable to type 'string'.
              Type 'null' is not assignable to type 'string'.
app/dashboard/inventory-ml/_components/notification-history.tsx(46,28): error TS2345: Argument of type '{ id: number; productCode: string; productName: string | null; currentStock: number; recommendedStock: number; urgencyLevel: string; predictionId: number | null; isAcknowledged: number; acknowledgedAt: Date | null; createdAt: Date; }[]' is not assignable to parameter of type 'SetStateAction<NotificationHistoryItem[]>'.
  Type '{ id: number; productCode: string; productName: string | null; currentStock: number; recommendedStock: number; urgencyLevel: string; predictionId: number | null; isAcknowledged: number; acknowledgedAt: Date | null; createdAt: Date; }[]' is not assignable to type 'NotificationHistoryItem[]'.
    Type '{ id: number; productCode: string; productName: string | null; currentStock: number; recommendedStock: number; urgencyLevel: string; predictionId: number | null; isAcknowledged: number; acknowledgedAt: Date | null; createdAt: Date; }' is not assignable to type 'NotificationHistoryItem'.
      Types of property 'urgencyLevel' are incompatible.
        Type 'string' is not assignable to type '"CRITICAL" | "HIGH" | "MEDIUM"'.
app/dashboard/inventory-ml/_components/notification-panel.tsx(61,34): error TS2345: Argument of type '{ id: number; productCode: string; productName: string | null; currentStock: number; recommendedStock: number; urgencyLevel: string; predictionId: number | null; isAcknowledged: number; acknowledgedAt: Date | null; createdAt: Date; }[]' is not assignable to parameter of type 'SetStateAction<Notification[]>'.
  Type '{ id: number; productCode: string; productName: string | null; currentStock: number; recommendedStock: number; urgencyLevel: string; predictionId: number | null; isAcknowledged: number; acknowledgedAt: Date | null; createdAt: Date; }[]' is not assignable to type 'Notification[]'.
    Type '{ id: number; productCode: string; productName: string | null; currentStock: number; recommendedStock: number; urgencyLevel: string; predictionId: number | null; isAcknowledged: number; acknowledgedAt: Date | null; createdAt: Date; }' is not assignable to type 'Notification'.
      Types of property 'urgencyLevel' are incompatible.
        Type 'string' is not assignable to type '"CRITICAL" | "HIGH" | "MEDIUM"'.
app/dashboard/inventory-ml/_components/notification-panel.tsx(378,117): error TS2345: Argument of type 'string | 0' is not assignable to parameter of type 'string'.
  Type 'number' is not assignable to type 'string'.
app/dashboard/revenue-forecast/page.tsx(52,21): error TS2322: Type '{ salesRevId: number; sorg: string | null; billTy: string | null; revType: string | null; customer: string | null; customerName: string | null; salesman: string | null; item: number | null; ... 39 more ...; extractedAt: Date | null; }[]' is not assignable to type 'SalesRevenueData[]'.
  Type '{ salesRevId: number; sorg: string | null; billTy: string | null; revType: string | null; customer: string | null; customerName: string | null; salesman: string | null; item: number | null; ... 39 more ...; extractedAt: Date | null; }' is not assignable to type 'SalesRevenueData'.
    Types of property 'extractedAt' are incompatible.
      Type 'Date | null' is not assignable to type 'string | null'.
        Type 'Date' is not assignable to type 'string'.
app/dashboard/revenue-forecast/page.tsx(53,21): error TS2322: Type 'number | undefined' is not assignable to type 'number'.
  Type 'undefined' is not assignable to type 'number'.
app/dashboard/revenue-forecast/page.tsx(54,21): error TS2322: Type 'number | undefined' is not assignable to type 'number'.
  Type 'undefined' is not assignable to type 'number'.
app/dashboard/sales-orders/[id]/proforma/page.tsx(29,37): error TS2322: Type '{ items: { id: number; productId: number | null; discount: string; salesOrderId: number; quantity: number; tax: string; unitPrice: string; product: { id: number; brand: string | null; createdAt: Date; ... 12 more ...; isConsignment: boolean; } | null; }[]; ... 19 more ...; customer: { ...; }; } | { ...; }' is not assignable to type 'SalesOrderWithRelations'.
  Type '{ items: { id: number; productId: number | null; discount: string; salesOrderId: number; quantity: number; tax: string; unitPrice: string; product: { id: number; brand: string | null; createdAt: Date; ... 12 more ...; isConsignment: boolean; } | null; }[]; ... 19 more ...; customer: { ...; }; }' is not assignable to type 'SalesOrderWithRelations'.
    Type '{ items: { id: number; productId: number | null; discount: string; salesOrderId: number; quantity: number; tax: string; unitPrice: string; product: { id: number; brand: string | null; createdAt: Date; ... 12 more ...; isConsignment: boolean; } | null; }[]; ... 19 more ...; customer: { ...; }; }' is missing the following properties from type '{ customer: { id: number; name: string; email: string | null; createdAt: Date; updatedAt: Date; customerCode: string; contactName: string | null; birthday: string | null; address1: string | null; address2: string | null; address3: string | null; address4: string | null; address5: string | null; }; createdByUser: { ....': createdByUser, salesPerson
app/dashboard/sales-orders/_components/proforma-invoice-preview.tsx(168,85): error TS2339: Property 'productName' does not exist on type '{ id: number; productId: number | null; discount: string; salesOrderId: number; quantity: number; tax: string; unitPrice: string; } & { product: Product | null; }'.
app/dashboard/sales-orders/_components/quick-add-product-dialog.tsx(117,19): error TS2322: Type '{ id: number; category: string; materialNumber: string; materialDescription: string | null; oldMaterialNo: string | null; brand: string | null; costSap: string | null; plant: string | null; ... 6 more ...; updatedAt: Date; }' is not assignable to type 'Product'.
  Property 'materialNumberCk' is missing in type '{ id: number; category: string; materialNumber: string; materialDescription: string | null; oldMaterialNo: string | null; brand: string | null; costSap: string | null; plant: string | null; ... 6 more ...; updatedAt: Date; }' but required in type '{ id: number; brand: string | null; createdAt: Date; updatedAt: Date; sloc: string | null; category: string; materialNumber: string; materialNumberCk: string | null; oldMaterialNo: string | null; ... 6 more ...; isConsignment: boolean; }'.
app/dashboard/sales-orders/_components/sales-order-table.tsx(125,9): error TS2769: No overload matches this call.
  Overload 1 of 3, '(options: DefinedInitialDataOptions<SalesOrderWithRelations[], Error, SalesOrderWithRelations[], string[]>, queryClient?: QueryClient | undefined): DefinedUseQueryResult<...>', gave the following error.
    Type '() => Promise<({ items: { id: number; productId: number | null; discount: string; salesOrderId: number; quantity: number; tax: string; unitPrice: string; product: { id: number; brand: string | null; createdAt: Date; ... 12 more ...; isConsignment: boolean; } | null; }[]; ... 20 more ...; createdByUser: { ...; } | nu...' is not assignable to type 'QueryFunction<SalesOrderWithRelations[], string[]>'.
      Type 'Promise<({ items: { id: number; productId: number | null; discount: string; salesOrderId: number; quantity: number; tax: string; unitPrice: string; product: { id: number; brand: string | null; createdAt: Date; ... 12 more ...; isConsignment: boolean; } | null; }[]; ... 20 more ...; createdByUser: { ...; } | null; } ...' is not assignable to type 'SalesOrderWithRelations[] | Promise<SalesOrderWithRelations[]>'.
        Type 'Promise<({ items: { id: number; productId: number | null; discount: string; salesOrderId: number; quantity: number; tax: string; unitPrice: string; product: { id: number; brand: string | null; createdAt: Date; ... 12 more ...; isConsignment: boolean; } | null; }[]; ... 20 more ...; createdByUser: { ...; } | null; } ...' is not assignable to type 'Promise<SalesOrderWithRelations[]>'.
          Type '({ items: { id: number; productId: number | null; discount: string; salesOrderId: number; quantity: number; tax: string; unitPrice: string; product: { id: number; brand: string | null; createdAt: Date; ... 12 more ...; isConsignment: boolean; } | null; }[]; ... 20 more ...; createdByUser: { ...; } | null; } | { ...;...' is not assignable to type 'SalesOrderWithRelations[]'.
            Type '{ items: { id: number; productId: number | null; discount: string; salesOrderId: number; quantity: number; tax: string; unitPrice: string; product: { id: number; brand: string | null; createdAt: Date; ... 12 more ...; isConsignment: boolean; } | null; }[]; ... 20 more ...; createdByUser: { ...; } | null; } | { ...; }' is not assignable to type 'SalesOrderWithRelations'.
              Type '{ items: { id: number; productId: number | null; discount: string; salesOrderId: number; quantity: number; tax: string; unitPrice: string; product: { id: number; brand: string | null; createdAt: Date; ... 12 more ...; isConsignment: boolean; } | null; }[]; ... 20 more ...; createdByUser: { ...; } | null; }' is not assignable to type 'SalesOrderWithRelations'.
                Property 'salesPerson' is missing in type '{ items: { id: number; productId: number | null; discount: string; salesOrderId: number; quantity: number; tax: string; unitPrice: string; product: { id: number; brand: string | null; createdAt: Date; ... 12 more ...; isConsignment: boolean; } | null; }[]; ... 20 more ...; createdByUser: { ...; } | null; }' but required in type '{ customer: { id: number; name: string; email: string | null; createdAt: Date; updatedAt: Date; customerCode: string; contactName: string | null; birthday: string | null; address1: string | null; address2: string | null; address3: string | null; address4: string | null; address5: string | null; }; createdByUser: { ....'.
  Overload 2 of 3, '(options: UndefinedInitialDataOptions<SalesOrderWithRelations[], Error, SalesOrderWithRelations[], string[]>, queryClient?: QueryClient | undefined): UseQueryResult<...>', gave the following error.
    Type '() => Promise<({ items: { id: number; productId: number | null; discount: string; salesOrderId: number; quantity: number; tax: string; unitPrice: string; product: { id: number; brand: string | null; createdAt: Date; ... 12 more ...; isConsignment: boolean; } | null; }[]; ... 20 more ...; createdByUser: { ...; } | nu...' is not assignable to type 'unique symbol | QueryFunction<SalesOrderWithRelations[], string[], never> | undefined'.
      Type '() => Promise<({ items: { id: number; productId: number | null; discount: string; salesOrderId: number; quantity: number; tax: string; unitPrice: string; product: { id: number; brand: string | null; createdAt: Date; ... 12 more ...; isConsignment: boolean; } | null; }[]; ... 20 more ...; createdByUser: { ...; } | nu...' is not assignable to type 'QueryFunction<SalesOrderWithRelations[], string[], never>'.
        Type 'Promise<({ items: { id: number; productId: number | null; discount: string; salesOrderId: number; quantity: number; tax: string; unitPrice: string; product: { id: number; brand: string | null; createdAt: Date; ... 12 more ...; isConsignment: boolean; } | null; }[]; ... 20 more ...; createdByUser: { ...; } | null; } ...' is not assignable to type 'SalesOrderWithRelations[] | Promise<SalesOrderWithRelations[]>'.
          Type 'Promise<({ items: { id: number; productId: number | null; discount: string; salesOrderId: number; quantity: number; tax: string; unitPrice: string; product: { id: number; brand: string | null; createdAt: Date; ... 12 more ...; isConsignment: boolean; } | null; }[]; ... 20 more ...; createdByUser: { ...; } | null; } ...' is not assignable to type 'Promise<SalesOrderWithRelations[]>'.
            Type '({ items: { id: number; productId: number | null; discount: string; salesOrderId: number; quantity: number; tax: string; unitPrice: string; product: { id: number; brand: string | null; createdAt: Date; ... 12 more ...; isConsignment: boolean; } | null; }[]; ... 20 more ...; createdByUser: { ...; } | null; } | { ...;...' is not assignable to type 'SalesOrderWithRelations[]'.
              Type '{ items: { id: number; productId: number | null; discount: string; salesOrderId: number; quantity: number; tax: string; unitPrice: string; product: { id: number; brand: string | null; createdAt: Date; ... 12 more ...; isConsignment: boolean; } | null; }[]; ... 20 more ...; createdByUser: { ...; } | null; } | { ...; }' is not assignable to type 'SalesOrderWithRelations'.
                Type '{ items: { id: number; productId: number | null; discount: string; salesOrderId: number; quantity: number; tax: string; unitPrice: string; product: { id: number; brand: string | null; createdAt: Date; ... 12 more ...; isConsignment: boolean; } | null; }[]; ... 20 more ...; createdByUser: { ...; } | null; }' is not assignable to type 'SalesOrderWithRelations'.
                  Property 'salesPerson' is missing in type '{ items: { id: number; productId: number | null; discount: string; salesOrderId: number; quantity: number; tax: string; unitPrice: string; product: { id: number; brand: string | null; createdAt: Date; ... 12 more ...; isConsignment: boolean; } | null; }[]; ... 20 more ...; createdByUser: { ...; } | null; }' but required in type '{ customer: { id: number; name: string; email: string | null; createdAt: Date; updatedAt: Date; customerCode: string; contactName: string | null; birthday: string | null; address1: string | null; address2: string | null; address3: string | null; address4: string | null; address5: string | null; }; createdByUser: { ....'.
  Overload 3 of 3, '(options: UseQueryOptions<SalesOrderWithRelations[], Error, SalesOrderWithRelations[], string[]>, queryClient?: QueryClient | undefined): UseQueryResult<...>', gave the following error.
    Type '() => Promise<({ items: { id: number; productId: number | null; discount: string; salesOrderId: number; quantity: number; tax: string; unitPrice: string; product: { id: number; brand: string | null; createdAt: Date; ... 12 more ...; isConsignment: boolean; } | null; }[]; ... 20 more ...; createdByUser: { ...; } | nu...' is not assignable to type 'unique symbol | QueryFunction<SalesOrderWithRelations[], string[], never> | undefined'.
      Type '() => Promise<({ items: { id: number; productId: number | null; discount: string; salesOrderId: number; quantity: number; tax: string; unitPrice: string; product: { id: number; brand: string | null; createdAt: Date; ... 12 more ...; isConsignment: boolean; } | null; }[]; ... 20 more ...; createdByUser: { ...; } | nu...' is not assignable to type 'QueryFunction<SalesOrderWithRelations[], string[], never>'.
        Type 'Promise<({ items: { id: number; productId: number | null; discount: string; salesOrderId: number; quantity: number; tax: string; unitPrice: string; product: { id: number; brand: string | null; createdAt: Date; ... 12 more ...; isConsignment: boolean; } | null; }[]; ... 20 more ...; createdByUser: { ...; } | null; } ...' is not assignable to type 'SalesOrderWithRelations[] | Promise<SalesOrderWithRelations[]>'.
          Type 'Promise<({ items: { id: number; productId: number | null; discount: string; salesOrderId: number; quantity: number; tax: string; unitPrice: string; product: { id: number; brand: string | null; createdAt: Date; ... 12 more ...; isConsignment: boolean; } | null; }[]; ... 20 more ...; createdByUser: { ...; } | null; } ...' is not assignable to type 'Promise<SalesOrderWithRelations[]>'.
            Type '({ items: { id: number; productId: number | null; discount: string; salesOrderId: number; quantity: number; tax: string; unitPrice: string; product: { id: number; brand: string | null; createdAt: Date; ... 12 more ...; isConsignment: boolean; } | null; }[]; ... 20 more ...; createdByUser: { ...; } | null; } | { ...;...' is not assignable to type 'SalesOrderWithRelations[]'.
              Type '{ items: { id: number; productId: number | null; discount: string; salesOrderId: number; quantity: number; tax: string; unitPrice: string; product: { id: number; brand: string | null; createdAt: Date; ... 12 more ...; isConsignment: boolean; } | null; }[]; ... 20 more ...; createdByUser: { ...; } | null; } | { ...; }' is not assignable to type 'SalesOrderWithRelations'.
                Type '{ items: { id: number; productId: number | null; discount: string; salesOrderId: number; quantity: number; tax: string; unitPrice: string; product: { id: number; brand: string | null; createdAt: Date; ... 12 more ...; isConsignment: boolean; } | null; }[]; ... 20 more ...; createdByUser: { ...; } | null; }' is not assignable to type 'SalesOrderWithRelations'.
                  Property 'salesPerson' is missing in type '{ items: { id: number; productId: number | null; discount: string; salesOrderId: number; quantity: number; tax: string; unitPrice: string; product: { id: number; brand: string | null; createdAt: Date; ... 12 more ...; isConsignment: boolean; } | null; }[]; ... 20 more ...; createdByUser: { ...; } | null; }' but required in type '{ customer: { id: number; name: string; email: string | null; createdAt: Date; updatedAt: Date; customerCode: string; contactName: string | null; birthday: string | null; address1: string | null; address2: string | null; address3: string | null; address4: string | null; address5: string | null; }; createdByUser: { ....'.
app/dashboard/sales-orders/_components/sales-order-table.tsx(884,51): error TS2322: Type '(options?: RefetchOptions | undefined) => Promise<QueryObserverResult<SalesOrderWithRelations[], Error>>' is not assignable to type 'MouseEventHandler<HTMLButtonElement>'.
  Types of parameters 'options' and 'event' are incompatible.
    Type 'MouseEvent<HTMLButtonElement, MouseEvent>' has no properties in common with type 'RefetchOptions'.
app/dashboard/sales-orders/page.tsx(35,34): error TS2322: Type '({ items: { id: number; productId: number | null; discount: string; salesOrderId: number; quantity: number; tax: string; unitPrice: string; product: { id: number; brand: string | null; createdAt: Date; ... 12 more ...; isConsignment: boolean; } | null; }[]; ... 20 more ...; createdByUser: { ...; } | null; } | { ...;...' is not assignable to type 'SalesOrderWithRelations[]'.
  Type '{ items: { id: number; productId: number | null; discount: string; salesOrderId: number; quantity: number; tax: string; unitPrice: string; product: { id: number; brand: string | null; createdAt: Date; ... 12 more ...; isConsignment: boolean; } | null; }[]; ... 20 more ...; createdByUser: { ...; } | null; } | { ...; }' is not assignable to type 'SalesOrderWithRelations'.
    Type '{ items: { id: number; productId: number | null; discount: string; salesOrderId: number; quantity: number; tax: string; unitPrice: string; product: { id: number; brand: string | null; createdAt: Date; ... 12 more ...; isConsignment: boolean; } | null; }[]; ... 20 more ...; createdByUser: { ...; } | null; }' is not assignable to type 'SalesOrderWithRelations'.
      Property 'salesPerson' is missing in type '{ items: { id: number; productId: number | null; discount: string; salesOrderId: number; quantity: number; tax: string; unitPrice: string; product: { id: number; brand: string | null; createdAt: Date; ... 12 more ...; isConsignment: boolean; } | null; }[]; ... 20 more ...; createdByUser: { ...; } | null; }' but required in type '{ customer: { id: number; name: string; email: string | null; createdAt: Date; updatedAt: Date; customerCode: string; contactName: string | null; birthday: string | null; address1: string | null; address2: string | null; address3: string | null; address4: string | null; address5: string | null; }; createdByUser: { ....'.
app/dashboard/stocks/_components/stock-table.tsx(323,9): error TS2322: Type 'ColumnDef<Stock>[]' is not assignable to type 'ColumnDef<Stock | { id: number; warehouseId: number; productId: number; valuationValue: string; totalStock: number; minStock: number; product: { category: string; materialNumber: string; oldMaterialNo: string | null; materialDescription: string | null; costSap: string | null; plant: string | null; }; warehouse: { .....'.
  Type 'ColumnDef<Stock>' is not assignable to type 'ColumnDef<Stock | { id: number; warehouseId: number; productId: number; valuationValue: string; totalStock: number; minStock: number; product: { category: string; materialNumber: string; oldMaterialNo: string | null; materialDescription: string | null; costSap: string | null; plant: string | null; }; warehouse: { .....'.
    Type 'ColumnDefBase<Stock, unknown> & StringHeaderIdentifier' is not assignable to type 'ColumnDef<Stock | { id: number; warehouseId: number; productId: number; valuationValue: string; totalStock: number; minStock: number; product: { category: string; materialNumber: string; oldMaterialNo: string | null; materialDescription: string | null; costSap: string | null; plant: string | null; }; warehouse: { .....'.
      Type 'ColumnDefBase<Stock, unknown> & StringHeaderIdentifier' is not assignable to type 'AccessorFnColumnDefBase<Stock | { id: number; warehouseId: number; productId: number; valuationValue: string; totalStock: number; minStock: number; product: { category: string; materialNumber: string; oldMaterialNo: string | null; materialDescription: string | null; costSap: string | null; plant: string | null; }; w...'.
        Property 'accessorFn' is missing in type 'ColumnDefBase<Stock, unknown> & StringHeaderIdentifier' but required in type 'AccessorFnColumnDefBase<Stock | { id: number; warehouseId: number; productId: number; valuationValue: string; totalStock: number; minStock: number; product: { category: string; materialNumber: string; oldMaterialNo: string | null; materialDescription: string | null; costSap: string | null; plant: string | null; }; w...'.
app/dashboard/stocks/page.tsx(57,21): error TS2322: Type '{ id: number; warehouseId: number; productId: number; valuationValue: string; totalStock: number; minStock: number; product: { category: string; materialNumber: string; oldMaterialNo: string | null; materialDescription: string | null; costSap: string | null; plant: string | null; }; warehouse: { ...; }; }[]' is not assignable to type 'Stock[]'.
  Type '{ id: number; warehouseId: number; productId: number; valuationValue: string; totalStock: number; minStock: number; product: { category: string; materialNumber: string; oldMaterialNo: string | null; materialDescription: string | null; costSap: string | null; plant: string | null; }; warehouse: { ...; }; }' is not assignable to type 'Stock'.
    Type '{ id: number; warehouseId: number; productId: number; valuationValue: string; totalStock: number; minStock: number; product: { category: string; materialNumber: string; oldMaterialNo: string | null; materialDescription: string | null; costSap: string | null; plant: string | null; }; warehouse: { ...; }; }' is missing the following properties from type '{ id: number; createdAt: Date; updatedAt: Date; warehouseId: number; productId: number; valuationValue: string; draftBookedStock: number; bookedStock: number; totalStock: number; minStock: number; }': createdAt, updatedAt, draftBookedStock, bookedStock
lib/navigation-menu.ts(488,5): error TS2322: Type '{ id: string; title: string; items: EditableNavItem[]; }[]' is not assignable to type 'RuntimeNavSection[]'.
  Type '{ id: string; title: string; items: EditableNavItem[]; }' is not assignable to type 'RuntimeNavSection'.
    Types of property 'items' are incompatible.
      Type 'EditableNavItem[]' is not assignable to type 'RuntimeNavItem[]'.
        Type 'EditableNavItem' is not assignable to type 'RuntimeNavItem'.
          Types of property 'resource' are incompatible.
            Type 'string | null' is not assignable to type 'string | undefined'.
              Type 'null' is not assignable to type 'string | undefined'.
lib/navigation-menu.ts(493,9): error TS2322: Type '{ id: string; title: string; url: string; iconName: string; resource: string | undefined; hidden: boolean; openInNewTab: boolean; isCustom: boolean; linkType: LinkType; externalOpenMode: ExternalOpenMode; iframeManualEnabled: boolean; items: EditableNavSubItem[]; }[]' is not assignable to type 'EditableNavItem[]'.
  Property 'iframeManualCode' is missing in type '{ id: string; title: string; url: string; iconName: string; resource: string | undefined; hidden: boolean; openInNewTab: boolean; isCustom: boolean; linkType: LinkType; externalOpenMode: ExternalOpenMode; iframeManualEnabled: boolean; items: EditableNavSubItem[]; }' but required in type 'EditableNavItem'.
