app/dashboard/do-monitoring/_components/do-monitoring-table.tsx(563,17): error TS18048: 'dateRange' is possibly 'undefined'.
app/dashboard/do-monitoring/_components/do-monitoring-table.tsx(563,35): error TS18048: 'dateRange' is possibly 'undefined'.
app/dashboard/do-monitoring/_components/do-monitoring-table.tsx(566,25): error TS18048: 'dateRange' is possibly 'undefined'.
app/dashboard/do-monitoring/_components/do-monitoring-table.tsx(566,43): error TS18048: 'dateRange' is possibly 'undefined'.
app/dashboard/do-monitoring/_components/do-monitoring-table.tsx(567,47): error TS18048: 'dateRange' is possibly 'undefined'.
app/dashboard/do-monitoring/_components/do-monitoring-table.tsx(568,45): error TS18048: 'dateRange' is possibly 'undefined'.
app/dashboard/do-monitoring/_components/do-monitoring-table.tsx(572,32): error TS18048: 'dateRange' is possibly 'undefined'.
app/dashboard/do-monitoring/_components/do-monitoring-table.tsx(573,47): error TS18048: 'dateRange' is possibly 'undefined'.
app/dashboard/do-monitoring/_components/do-monitoring-table.tsx(576,32): error TS18048: 'dateRange' is possibly 'undefined'.
app/dashboard/do-monitoring/_components/do-monitoring-table.tsx(577,45): error TS18048: 'dateRange' is possibly 'undefined'.
app/dashboard/do-monitoring/_components/do-monitoring-table.tsx(795,34): error TS18048: 'dateRange' is possibly 'undefined'.
app/dashboard/do-monitoring/_components/do-monitoring-table.tsx(796,37): error TS18048: 'dateRange' is possibly 'undefined'.
app/dashboard/do-monitoring/_components/do-monitoring-table.tsx(798,46): error TS18048: 'dateRange' is possibly 'undefined'.
app/dashboard/do-monitoring/_components/do-monitoring-table.tsx(798,93): error TS18048: 'dateRange' is possibly 'undefined'.
app/dashboard/do-monitoring/_components/do-monitoring-table.tsx(801,41): error TS18048: 'dateRange' is possibly 'undefined'.
app/dashboard/do-monitoring/_components/do-monitoring-table.tsx(821,23): error TS18048: 'dateRange' is possibly 'undefined'.
app/dashboard/do-monitoring/_components/do-monitoring-table.tsx(821,41): error TS18048: 'dateRange' is possibly 'undefined'.
app/dashboard/revenue-forecast/_components/sales-revenue-table.tsx(370,94): error TS2322: Type 'string | Date' is not assignable to type 'ReactNode'.
  Type 'Date' is not assignable to type 'ReactNode'.
app/dashboard/sales-orders/[id]/proforma/page.tsx(29,37): error TS2322: Type '{ items: { id: number; productId: number | null; discount: string; salesOrderId: number; quantity: number; unitPrice: string; tax: string; product: { id: number; category: string; materialNumber: string; ... 12 more ...; updatedAt: Date; } | null; }[]; ... 19 more ...; customer: { ...; }; } | { ...; }' is not assignable to type 'SalesOrderWithRelations'.
  Type '{ items: { id: number; productId: number | null; discount: string; salesOrderId: number; quantity: number; unitPrice: string; tax: string; product: { id: number; category: string; materialNumber: string; ... 12 more ...; updatedAt: Date; } | null; }[]; ... 19 more ...; customer: { ...; }; }' is not assignable to type 'SalesOrderWithRelations'.
    Type '{ items: { id: number; productId: number | null; discount: string; salesOrderId: number; quantity: number; unitPrice: string; tax: string; product: { id: number; category: string; materialNumber: string; ... 12 more ...; updatedAt: Date; } | null; }[]; ... 19 more ...; customer: { ...; }; }' is missing the following properties from type '{ customer: { id: number; name: string; createdAt: Date; updatedAt: Date; customerCode: string; contactName: string | null; email: string | null; birthday: string | null; address1: string | null; address2: string | null; address3: string | null; address4: string | null; address5: string | null; } | null; createdByUs...': createdByUser, salesPerson
app/dashboard/sales-orders/_components/proforma-invoice-preview.tsx(38,9): error TS18047: 'order.customer' is possibly 'null'.
app/dashboard/sales-orders/_components/proforma-invoice-preview.tsx(39,9): error TS18047: 'order.customer' is possibly 'null'.
app/dashboard/sales-orders/_components/proforma-invoice-preview.tsx(40,9): error TS18047: 'order.customer' is possibly 'null'.
app/dashboard/sales-orders/_components/proforma-invoice-preview.tsx(41,9): error TS18047: 'order.customer' is possibly 'null'.
app/dashboard/sales-orders/_components/proforma-invoice-preview.tsx(42,9): error TS18047: 'order.customer' is possibly 'null'.
app/dashboard/sales-orders/_components/proforma-invoice-preview.tsx(100,30): error TS18047: 'order.customer' is possibly 'null'.
app/dashboard/sales-orders/_components/proforma-invoice-preview.tsx(113,37): error TS18047: 'order.customer' is possibly 'null'.
app/dashboard/sales-orders/_components/sales-order-detail.tsx(84,9): error TS18047: 'order.customer' is possibly 'null'.
app/dashboard/sales-orders/_components/sales-order-detail.tsx(85,9): error TS18047: 'order.customer' is possibly 'null'.
app/dashboard/sales-orders/_components/sales-order-detail.tsx(86,9): error TS18047: 'order.customer' is possibly 'null'.
app/dashboard/sales-orders/_components/sales-order-detail.tsx(87,9): error TS18047: 'order.customer' is possibly 'null'.
app/dashboard/sales-orders/_components/sales-order-detail.tsx(88,9): error TS18047: 'order.customer' is possibly 'null'.
app/dashboard/sales-orders/_components/sales-order-detail.tsx(167,93): error TS18047: 'order.customer' is possibly 'null'.
app/dashboard/sales-orders/_components/sales-order-detail.tsx(168,106): error TS18047: 'order.customer' is possibly 'null'.
app/dashboard/sales-orders/_components/sales-order-detail.tsx(172,42): error TS18047: 'order.customer' is possibly 'null'.
app/dashboard/sales-orders/_components/sales-order-detail.tsx(177,81): error TS18047: 'order.customer' is possibly 'null'.
app/dashboard/sales-orders/_components/sales-order-table.tsx(125,9): error TS2769: No overload matches this call.
  Overload 1 of 3, '(options: DefinedInitialDataOptions<SalesOrderWithRelations[], Error, SalesOrderWithRelations[], readonly unknown[]>, queryClient?: QueryClient | undefined): DefinedUseQueryResult<...>', gave the following error.
    Type '() => Promise<({ items: { id: number; productId: number | null; discount: string; salesOrderId: number; quantity: number; unitPrice: string; tax: string; product: { id: number; category: string; materialNumber: string; ... 12 more ...; updatedAt: Date; } | null; }[]; ... 20 more ...; createdByUser: { ...; } | null; ...' is not assignable to type 'QueryFunction<SalesOrderWithRelations[], readonly unknown[]>'.
      Type 'Promise<({ items: { id: number; productId: number | null; discount: string; salesOrderId: number; quantity: number; unitPrice: string; tax: string; product: { id: number; category: string; materialNumber: string; ... 12 more ...; updatedAt: Date; } | null; }[]; ... 20 more ...; createdByUser: { ...; } | null; } | { ...' is not assignable to type 'SalesOrderWithRelations[] | Promise<SalesOrderWithRelations[]>'.
        Type 'Promise<({ items: { id: number; productId: number | null; discount: string; salesOrderId: number; quantity: number; unitPrice: string; tax: string; product: { id: number; category: string; materialNumber: string; ... 12 more ...; updatedAt: Date; } | null; }[]; ... 20 more ...; createdByUser: { ...; } | null; } | { ...' is not assignable to type 'Promise<SalesOrderWithRelations[]>'.
          Type '({ items: { id: number; productId: number | null; discount: string; salesOrderId: number; quantity: number; unitPrice: string; tax: string; product: { id: number; category: string; materialNumber: string; ... 12 more ...; updatedAt: Date; } | null; }[]; ... 20 more ...; createdByUser: { ...; } | null; } | { ...; })[]' is not assignable to type 'SalesOrderWithRelations[]'.
            Type '{ items: { id: number; productId: number | null; discount: string; salesOrderId: number; quantity: number; unitPrice: string; tax: string; product: { id: number; category: string; materialNumber: string; ... 12 more ...; updatedAt: Date; } | null; }[]; ... 20 more ...; createdByUser: { ...; } | null; } | { ...; }' is not assignable to type 'SalesOrderWithRelations'.
              Type '{ items: { id: number; productId: number | null; discount: string; salesOrderId: number; quantity: number; unitPrice: string; tax: string; product: { id: number; category: string; materialNumber: string; ... 12 more ...; updatedAt: Date; } | null; }[]; ... 20 more ...; createdByUser: { ...; } | null; }' is not assignable to type 'SalesOrderWithRelations'.
                Property 'salesPerson' is missing in type '{ items: { id: number; productId: number | null; discount: string; salesOrderId: number; quantity: number; unitPrice: string; tax: string; product: { id: number; category: string; materialNumber: string; ... 12 more ...; updatedAt: Date; } | null; }[]; ... 20 more ...; createdByUser: { ...; } | null; }' but required in type '{ customer: { id: number; name: string; createdAt: Date; updatedAt: Date; customerCode: string; contactName: string | null; email: string | null; birthday: string | null; address1: string | null; address2: string | null; address3: string | null; address4: string | null; address5: string | null; } | null; createdByUs...'.
  Overload 2 of 3, '(options: UndefinedInitialDataOptions<SalesOrderWithRelations[], Error, SalesOrderWithRelations[], readonly unknown[]>, queryClient?: QueryClient | undefined): UseQueryResult<...>', gave the following error.
    Type '() => Promise<({ items: { id: number; productId: number | null; discount: string; salesOrderId: number; quantity: number; unitPrice: string; tax: string; product: { id: number; category: string; materialNumber: string; ... 12 more ...; updatedAt: Date; } | null; }[]; ... 20 more ...; createdByUser: { ...; } | null; ...' is not assignable to type 'unique symbol | QueryFunction<SalesOrderWithRelations[], readonly unknown[], never> | undefined'.
      Type '() => Promise<({ items: { id: number; productId: number | null; discount: string; salesOrderId: number; quantity: number; unitPrice: string; tax: string; product: { id: number; category: string; materialNumber: string; ... 12 more ...; updatedAt: Date; } | null; }[]; ... 20 more ...; createdByUser: { ...; } | null; ...' is not assignable to type 'QueryFunction<SalesOrderWithRelations[], readonly unknown[], never>'.
        Type 'Promise<({ items: { id: number; productId: number | null; discount: string; salesOrderId: number; quantity: number; unitPrice: string; tax: string; product: { id: number; category: string; materialNumber: string; ... 12 more ...; updatedAt: Date; } | null; }[]; ... 20 more ...; createdByUser: { ...; } | null; } | { ...' is not assignable to type 'SalesOrderWithRelations[] | Promise<SalesOrderWithRelations[]>'.
          Type 'Promise<({ items: { id: number; productId: number | null; discount: string; salesOrderId: number; quantity: number; unitPrice: string; tax: string; product: { id: number; category: string; materialNumber: string; ... 12 more ...; updatedAt: Date; } | null; }[]; ... 20 more ...; createdByUser: { ...; } | null; } | { ...' is not assignable to type 'Promise<SalesOrderWithRelations[]>'.
            Type '({ items: { id: number; productId: number | null; discount: string; salesOrderId: number; quantity: number; unitPrice: string; tax: string; product: { id: number; category: string; materialNumber: string; ... 12 more ...; updatedAt: Date; } | null; }[]; ... 20 more ...; createdByUser: { ...; } | null; } | { ...; })[]' is not assignable to type 'SalesOrderWithRelations[]'.
              Type '{ items: { id: number; productId: number | null; discount: string; salesOrderId: number; quantity: number; unitPrice: string; tax: string; product: { id: number; category: string; materialNumber: string; ... 12 more ...; updatedAt: Date; } | null; }[]; ... 20 more ...; createdByUser: { ...; } | null; } | { ...; }' is not assignable to type 'SalesOrderWithRelations'.
                Type '{ items: { id: number; productId: number | null; discount: string; salesOrderId: number; quantity: number; unitPrice: string; tax: string; product: { id: number; category: string; materialNumber: string; ... 12 more ...; updatedAt: Date; } | null; }[]; ... 20 more ...; createdByUser: { ...; } | null; }' is not assignable to type 'SalesOrderWithRelations'.
                  Property 'salesPerson' is missing in type '{ items: { id: number; productId: number | null; discount: string; salesOrderId: number; quantity: number; unitPrice: string; tax: string; product: { id: number; category: string; materialNumber: string; ... 12 more ...; updatedAt: Date; } | null; }[]; ... 20 more ...; createdByUser: { ...; } | null; }' but required in type '{ customer: { id: number; name: string; createdAt: Date; updatedAt: Date; customerCode: string; contactName: string | null; email: string | null; birthday: string | null; address1: string | null; address2: string | null; address3: string | null; address4: string | null; address5: string | null; } | null; createdByUs...'.
  Overload 3 of 3, '(options: UseQueryOptions<SalesOrderWithRelations[], Error, SalesOrderWithRelations[], readonly unknown[]>, queryClient?: QueryClient | undefined): UseQueryResult<...>', gave the following error.
    Type '() => Promise<({ items: { id: number; productId: number | null; discount: string; salesOrderId: number; quantity: number; unitPrice: string; tax: string; product: { id: number; category: string; materialNumber: string; ... 12 more ...; updatedAt: Date; } | null; }[]; ... 20 more ...; createdByUser: { ...; } | null; ...' is not assignable to type 'unique symbol | QueryFunction<SalesOrderWithRelations[], readonly unknown[], never> | undefined'.
      Type '() => Promise<({ items: { id: number; productId: number | null; discount: string; salesOrderId: number; quantity: number; unitPrice: string; tax: string; product: { id: number; category: string; materialNumber: string; ... 12 more ...; updatedAt: Date; } | null; }[]; ... 20 more ...; createdByUser: { ...; } | null; ...' is not assignable to type 'QueryFunction<SalesOrderWithRelations[], readonly unknown[], never>'.
        Type 'Promise<({ items: { id: number; productId: number | null; discount: string; salesOrderId: number; quantity: number; unitPrice: string; tax: string; product: { id: number; category: string; materialNumber: string; ... 12 more ...; updatedAt: Date; } | null; }[]; ... 20 more ...; createdByUser: { ...; } | null; } | { ...' is not assignable to type 'SalesOrderWithRelations[] | Promise<SalesOrderWithRelations[]>'.
          Type 'Promise<({ items: { id: number; productId: number | null; discount: string; salesOrderId: number; quantity: number; unitPrice: string; tax: string; product: { id: number; category: string; materialNumber: string; ... 12 more ...; updatedAt: Date; } | null; }[]; ... 20 more ...; createdByUser: { ...; } | null; } | { ...' is not assignable to type 'Promise<SalesOrderWithRelations[]>'.
            Type '({ items: { id: number; productId: number | null; discount: string; salesOrderId: number; quantity: number; unitPrice: string; tax: string; product: { id: number; category: string; materialNumber: string; ... 12 more ...; updatedAt: Date; } | null; }[]; ... 20 more ...; createdByUser: { ...; } | null; } | { ...; })[]' is not assignable to type 'SalesOrderWithRelations[]'.
              Type '{ items: { id: number; productId: number | null; discount: string; salesOrderId: number; quantity: number; unitPrice: string; tax: string; product: { id: number; category: string; materialNumber: string; ... 12 more ...; updatedAt: Date; } | null; }[]; ... 20 more ...; createdByUser: { ...; } | null; } | { ...; }' is not assignable to type 'SalesOrderWithRelations'.
                Type '{ items: { id: number; productId: number | null; discount: string; salesOrderId: number; quantity: number; unitPrice: string; tax: string; product: { id: number; category: string; materialNumber: string; ... 12 more ...; updatedAt: Date; } | null; }[]; ... 20 more ...; createdByUser: { ...; } | null; }' is not assignable to type 'SalesOrderWithRelations'.
                  Property 'salesPerson' is missing in type '{ items: { id: number; productId: number | null; discount: string; salesOrderId: number; quantity: number; unitPrice: string; tax: string; product: { id: number; category: string; materialNumber: string; ... 12 more ...; updatedAt: Date; } | null; }[]; ... 20 more ...; createdByUser: { ...; } | null; }' but required in type '{ customer: { id: number; name: string; createdAt: Date; updatedAt: Date; customerCode: string; contactName: string | null; email: string | null; birthday: string | null; address1: string | null; address2: string | null; address3: string | null; address4: string | null; address5: string | null; } | null; createdByUs...'.
app/dashboard/sales-orders/_components/sales-order-table.tsx(174,67): error TS2339: Property 'map' does not exist on type 'SalesOrderWithRelations[] | NoInfer<TQueryFnData>'.
  Property 'map' does not exist on type 'NoInfer<TQueryFnData>'.
app/dashboard/sales-orders/_components/sales-order-table.tsx(174,71): error TS7006: Parameter 'o' implicitly has an 'any' type.
app/dashboard/sales-orders/_components/sales-order-table.tsx(175,68): error TS2339: Property 'map' does not exist on type 'SalesOrderWithRelations[] | NoInfer<TQueryFnData>'.
  Property 'map' does not exist on type 'NoInfer<TQueryFnData>'.
app/dashboard/sales-orders/_components/sales-order-table.tsx(175,72): error TS7006: Parameter 'o' implicitly has an 'any' type.
app/dashboard/sales-orders/_components/sales-order-table.tsx(176,63): error TS2339: Property 'map' does not exist on type 'SalesOrderWithRelations[] | NoInfer<TQueryFnData>'.
  Property 'map' does not exist on type 'NoInfer<TQueryFnData>'.
app/dashboard/sales-orders/_components/sales-order-table.tsx(176,67): error TS7006: Parameter 'o' implicitly has an 'any' type.
app/dashboard/sales-orders/_components/sales-order-table.tsx(179,40): error TS2339: Property 'map' does not exist on type 'SalesOrderWithRelations[] | NoInfer<TQueryFnData>'.
  Property 'map' does not exist on type 'NoInfer<TQueryFnData>'.
app/dashboard/sales-orders/_components/sales-order-table.tsx(179,44): error TS7006: Parameter 'o' implicitly has an 'any' type.
app/dashboard/sales-orders/_components/sales-order-table.tsx(183,30): error TS2339: Property 'length' does not exist on type 'SalesOrderWithRelations[] | NoInfer<TQueryFnData>'.
  Property 'length' does not exist on type 'NoInfer<TQueryFnData>'.
app/dashboard/sales-orders/_components/sales-order-table.tsx(184,34): error TS2339: Property 'filter' does not exist on type 'SalesOrderWithRelations[] | NoInfer<TQueryFnData>'.
  Property 'filter' does not exist on type 'NoInfer<TQueryFnData>'.
app/dashboard/sales-orders/_components/sales-order-table.tsx(184,41): error TS7006: Parameter 'o' implicitly has an 'any' type.
app/dashboard/sales-orders/_components/sales-order-table.tsx(185,32): error TS2339: Property 'filter' does not exist on type 'SalesOrderWithRelations[] | NoInfer<TQueryFnData>'.
  Property 'filter' does not exist on type 'NoInfer<TQueryFnData>'.
app/dashboard/sales-orders/_components/sales-order-table.tsx(185,39): error TS7006: Parameter 'o' implicitly has an 'any' type.
app/dashboard/sales-orders/_components/sales-order-table.tsx(190,14): error TS2339: Property 'forEach' does not exist on type 'SalesOrderWithRelations[] | NoInfer<TQueryFnData>'.
  Property 'forEach' does not exist on type 'NoInfer<TQueryFnData>'.
app/dashboard/sales-orders/_components/sales-order-table.tsx(190,22): error TS7006: Parameter 'o' implicitly has an 'any' type.
app/dashboard/sales-orders/_components/sales-order-table.tsx(203,14): error TS2339: Property 'forEach' does not exist on type 'SalesOrderWithRelations[] | NoInfer<TQueryFnData>'.
  Property 'forEach' does not exist on type 'NoInfer<TQueryFnData>'.
app/dashboard/sales-orders/_components/sales-order-table.tsx(203,22): error TS7006: Parameter 'o' implicitly has an 'any' type.
app/dashboard/sales-orders/_components/sales-order-table.tsx(217,14): error TS2339: Property 'forEach' does not exist on type 'SalesOrderWithRelations[] | NoInfer<TQueryFnData>'.
  Property 'forEach' does not exist on type 'NoInfer<TQueryFnData>'.
app/dashboard/sales-orders/_components/sales-order-table.tsx(217,22): error TS7006: Parameter 'o' implicitly has an 'any' type.
app/dashboard/sales-orders/_components/sales-order-table.tsx(573,9): error TS2322: Type 'SalesOrderWithRelations[] | NoInfer<TQueryFnData>' is not assignable to type 'SalesOrderWithRelations[]'.
  Type 'NoInfer<TQueryFnData>' is not assignable to type 'SalesOrderWithRelations[]'.
    Type 'TQueryFnData' is not assignable to type 'SalesOrderWithRelations[]'.
app/dashboard/sales-orders/_components/sales-order-table.tsx(744,35): error TS2339: Property 'length' does not exist on type 'SalesOrderWithRelations[] | NoInfer<TQueryFnData>'.
  Property 'length' does not exist on type 'NoInfer<TQueryFnData>'.
app/dashboard/sales-orders/_components/sales-order-table.tsx(750,52): error TS2339: Property 'length' does not exist on type 'SalesOrderWithRelations[] | NoInfer<TQueryFnData>'.
  Property 'length' does not exist on type 'NoInfer<TQueryFnData>'.
app/dashboard/sales-orders/_components/sales-order-table.tsx(918,33): error TS2322: Type 'unknown[]' is not assignable to type 'string[]'.
  Type 'unknown' is not assignable to type 'string'.
app/dashboard/sales-orders/_components/sales-order-table.tsx(926,33): error TS2322: Type 'unknown[]' is not assignable to type 'string[]'.
  Type 'unknown' is not assignable to type 'string'.
app/dashboard/sales-orders/_components/sales-order-table.tsx(1010,33): error TS2322: Type 'unknown[]' is not assignable to type 'string[]'.
  Type 'unknown' is not assignable to type 'string'.
app/dashboard/sales-orders/_components/sales-order-table.tsx(1018,33): error TS2322: Type 'unknown[]' is not assignable to type 'string[]'.
  Type 'unknown' is not assignable to type 'string'.
app/dashboard/sales-orders/page.tsx(35,34): error TS2322: Type '({ items: { id: number; productId: number | null; discount: string; salesOrderId: number; quantity: number; unitPrice: string; tax: string; product: { id: number; category: string; materialNumber: string; ... 12 more ...; updatedAt: Date; } | null; }[]; ... 20 more ...; createdByUser: { ...; } | null; } | { ...; })[]' is not assignable to type 'SalesOrderWithRelations[]'.
  Type '{ items: { id: number; productId: number | null; discount: string; salesOrderId: number; quantity: number; unitPrice: string; tax: string; product: { id: number; category: string; materialNumber: string; ... 12 more ...; updatedAt: Date; } | null; }[]; ... 20 more ...; createdByUser: { ...; } | null; } | { ...; }' is not assignable to type 'SalesOrderWithRelations'.
    Type '{ items: { id: number; productId: number | null; discount: string; salesOrderId: number; quantity: number; unitPrice: string; tax: string; product: { id: number; category: string; materialNumber: string; ... 12 more ...; updatedAt: Date; } | null; }[]; ... 20 more ...; createdByUser: { ...; } | null; }' is not assignable to type 'SalesOrderWithRelations'.
      Property 'salesPerson' is missing in type '{ items: { id: number; productId: number | null; discount: string; salesOrderId: number; quantity: number; unitPrice: string; tax: string; product: { id: number; category: string; materialNumber: string; ... 12 more ...; updatedAt: Date; } | null; }[]; ... 20 more ...; createdByUser: { ...; } | null; }' but required in type '{ customer: { id: number; name: string; createdAt: Date; updatedAt: Date; customerCode: string; contactName: string | null; email: string | null; birthday: string | null; address1: string | null; address2: string | null; address3: string | null; address4: string | null; address5: string | null; } | null; createdByUs...'.
app/dashboard/stocks/_components/stock-table.tsx(341,17): error TS18048: 'item.product.materialNumber' is possibly 'undefined'.
app/dashboard/stocks/_components/stock-table.tsx(344,17): error TS18048: 'item.warehouse.sloc' is possibly 'undefined'.
