app/actions/competitor.ts(38,15): error TS2322: Type '{ timestamp: {}; customer: {}; size_tire: {}; brand: {}; category_tire: {}; supplier: {}; currency: {}; price: {}; remark: {}; tanggal_informasi: {}; business_consultant: {}; price_formatted: string; }[]' is not assignable to type 'CompetitorItem[]'.
  Type '{ timestamp: {}; customer: {}; size_tire: {}; brand: {}; category_tire: {}; supplier: {}; currency: {}; price: {}; remark: {}; tanggal_informasi: {}; business_consultant: {}; price_formatted: string; }' is not assignable to type 'CompetitorItem'.
    Types of property 'timestamp' are incompatible.
      Type '{}' is not assignable to type 'string'.
app/actions/competitor.ts(38,58): error TS2345: Argument of type '(item: Record<string, unknown>) => { timestamp: {}; customer: {}; size_tire: {}; brand: {}; category_tire: {}; supplier: {}; currency: {}; price: {}; remark: {}; tanggal_informasi: {}; business_consultant: {}; price_formatted: string; }' is not assignable to parameter of type '(value: unknown, index: number, array: unknown[]) => { timestamp: {}; customer: {}; size_tire: {}; brand: {}; category_tire: {}; supplier: {}; currency: {}; price: {}; remark: {}; tanggal_informasi: {}; business_consultant: {}; price_formatted: string; }'.
  Types of parameters 'item' and 'value' are incompatible.
    Type 'unknown' is not assignable to type 'Record<string, unknown>'.
app/actions/competitor.ts(50,42): error TS2345: Argument of type 'unknown' is not assignable to parameter of type 'string'.
app/actions/customer-segmentation.ts(37,15): error TS2322: Type '{ customer_name: {}; material_no: {}; description: {}; qty: number; revenue: number; revenue_formatted: string; billing_date: {}; plant: {}; po_number: {}; po_date: {}; mat_grp_desc: {}; salesman: {}; }[]' is not assignable to type 'HistoryOrderItem[]'.
  Type '{ customer_name: {}; material_no: {}; description: {}; qty: number; revenue: number; revenue_formatted: string; billing_date: {}; plant: {}; po_number: {}; po_date: {}; mat_grp_desc: {}; salesman: {}; }' is not assignable to type 'HistoryOrderItem'.
    Types of property 'customer_name' are incompatible.
      Type '{}' is not assignable to type 'string'.
app/actions/customer-segmentation.ts(37,60): error TS2345: Argument of type '(item: Record<string, unknown>) => { customer_name: {}; material_no: {}; description: {}; qty: number; revenue: number; revenue_formatted: string; billing_date: {}; plant: {}; po_number: {}; po_date: {}; mat_grp_desc: {}; salesman: {}; }' is not assignable to parameter of type '(value: unknown, index: number, array: unknown[]) => { customer_name: {}; material_no: {}; description: {}; qty: number; revenue: number; revenue_formatted: string; billing_date: {}; plant: {}; po_number: {}; po_date: {}; mat_grp_desc: {}; salesman: {}; }'.
  Types of parameters 'item' and 'value' are incompatible.
    Type 'unknown' is not assignable to type 'Record<string, unknown>'.
app/actions/customer-segmentation.ts(42,45): error TS2339: Property 'replace' does not exist on type '{}'.
app/actions/customer-segmentation.ts(57,31): error TS2345: Argument of type '{}' is not assignable to parameter of type 'string'.
app/actions/dashboard.ts(156,9): error TS2322: Type '{ id: unknown; invoiceNumber: unknown; customerName: {}; salesDate: Date; status: unknown; totalValue: number; }[]' is not assignable to type '{ id: number; invoiceNumber: string | null; customerName: string; salesDate: Date; status: string; totalValue: number; }[]'.
  Type '{ id: unknown; invoiceNumber: unknown; customerName: {}; salesDate: Date; status: unknown; totalValue: number; }' is not assignable to type '{ id: number; invoiceNumber: string | null; customerName: string; salesDate: Date; status: string; totalValue: number; }'.
    Types of property 'id' are incompatible.
      Type 'unknown' is not assignable to type 'number'.
app/actions/dashboard.ts(160,33): error TS2769: No overload matches this call.
  Overload 1 of 4, '(value: string | number | Date): Date', gave the following error.
    Argument of type 'unknown' is not assignable to parameter of type 'string | number | Date'.
  Overload 2 of 4, '(value: string | number): Date', gave the following error.
    Argument of type 'unknown' is not assignable to parameter of type 'string | number'.
app/actions/dashboard.ts(164,9): error TS2322: Type '{ productName: {}; materialNumber: unknown; warehouseName: unknown; currentStock: number; minStock: number; }[]' is not assignable to type '{ productName: string; materialNumber: string; warehouseName: string; currentStock: number; minStock: number; }[]'.
  Type '{ productName: {}; materialNumber: unknown; warehouseName: unknown; currentStock: number; minStock: number; }' is not assignable to type '{ productName: string; materialNumber: string; warehouseName: string; currentStock: number; minStock: number; }'.
    Types of property 'productName' are incompatible.
      Type '{}' is not assignable to type 'string'.
app/actions/history-order.ts(38,15): error TS2322: Type '{ customer_name: {}; material_no: {}; description: {}; qty: number; revenue: number; revenue_formatted: string; billing_date: {}; plant: {}; po_number: {}; po_date: {}; mat_grp_desc: {}; salesman: {}; }[]' is not assignable to type 'HistoryOrderItem[]'.
  Type '{ customer_name: {}; material_no: {}; description: {}; qty: number; revenue: number; revenue_formatted: string; billing_date: {}; plant: {}; po_number: {}; po_date: {}; mat_grp_desc: {}; salesman: {}; }' is not assignable to type 'HistoryOrderItem'.
    Types of property 'customer_name' are incompatible.
      Type '{}' is not assignable to type 'string'.
app/actions/history-order.ts(38,60): error TS2345: Argument of type '(item: Record<string, unknown>) => { customer_name: {}; material_no: {}; description: {}; qty: number; revenue: number; revenue_formatted: string; billing_date: {}; plant: {}; po_number: {}; po_date: {}; mat_grp_desc: {}; salesman: {}; }' is not assignable to parameter of type '(value: unknown, index: number, array: unknown[]) => { customer_name: {}; material_no: {}; description: {}; qty: number; revenue: number; revenue_formatted: string; billing_date: {}; plant: {}; po_number: {}; po_date: {}; mat_grp_desc: {}; salesman: {}; }'.
  Types of parameters 'item' and 'value' are incompatible.
    Type 'unknown' is not assignable to type 'Record<string, unknown>'.
app/actions/history-order.ts(45,45): error TS2339: Property 'replace' does not exist on type '{}'.
app/actions/history-order.ts(60,31): error TS2345: Argument of type '{}' is not assignable to parameter of type 'string'.
app/dashboard/billing/_components/editable-cell.tsx(38,13): error TS2322: Type '{}' is not assignable to type 'number'.
app/dashboard/billing/_components/editable-cell.tsx(52,29): error TS2339: Property 'blur' does not exist on type 'EventTarget & Element'.
app/dashboard/billing/_components/editable-cell.tsx(78,13): error TS2322: Type '{}' is not assignable to type 'ReactNode'.
app/dashboard/customer-segmentation/_components/customer-segmentation-client.tsx(92,17): error TS2304: Cannot find name 'toast'.
app/dashboard/customer-segmentation/_components/customer-segmentation-client.tsx(95,13): error TS2304: Cannot find name 'toast'.
app/dashboard/deliveries/_components/delivery-form.tsx(401,13): error TS1117: An object literal cannot have multiple properties with the same name.
app/dashboard/deliveries/_components/delivery-form.tsx(402,13): error TS1117: An object literal cannot have multiple properties with the same name.
app/dashboard/deliveries/_components/delivery-form.tsx(403,13): error TS1117: An object literal cannot have multiple properties with the same name.
app/dashboard/good-receive-manual/_components/good-receive-form.tsx(75,9): error TS2322: Type 'Resolver<{ supplier: string; poNumber: string; receiveDate: Date; deliveryType: "Partial" | "Complete"; items: { productId: unknown; warehouseId: unknown; quantity: unknown; notes?: string | undefined; }[]; referenceDocument?: string | undefined; }, any, { ...; }>' is not assignable to type 'Resolver<{ supplier: string; poNumber: string; receiveDate: Date; deliveryType: "Partial" | "Complete"; items: { productId: number; warehouseId: number; quantity: number; notes?: string | undefined; }[]; referenceDocument?: string | undefined; }, any, { ...; }>'.
  Types of parameters 'options' and 'options' are incompatible.
    Type 'ResolverOptions<{ supplier: string; poNumber: string; receiveDate: Date; deliveryType: "Partial" | "Complete"; items: { productId: number; warehouseId: number; quantity: number; notes?: string | undefined; }[]; referenceDocument?: string | undefined; }>' is not assignable to type 'ResolverOptions<{ supplier: string; poNumber: string; receiveDate: Date; deliveryType: "Partial" | "Complete"; items: { productId: unknown; warehouseId: unknown; quantity: unknown; notes?: string | undefined; }[]; referenceDocument?: string | undefined; }>'.
      Type '{ productId: unknown; warehouseId: unknown; quantity: unknown; notes?: string | undefined; }[]' is not assignable to type '{ productId: number; warehouseId: number; quantity: number; notes?: string | undefined; }[]'.
        Type '{ productId: unknown; warehouseId: unknown; quantity: unknown; notes?: string | undefined; }' is not assignable to type '{ productId: number; warehouseId: number; quantity: number; notes?: string | undefined; }'.
          Types of property 'productId' are incompatible.
            Type 'unknown' is not assignable to type 'number'.
app/dashboard/good-receive-manual/_components/good-receive-form.tsx(104,47): error TS2345: Argument of type '(values: { supplier: string; poNumber: string; receiveDate: Date; deliveryType: "Partial" | "Complete"; items: { productId: number; warehouseId: number; quantity: number; notes?: string | undefined; }[]; referenceDocument?: string | undefined; }) => Promise<...>' is not assignable to parameter of type 'SubmitHandler<TFieldValues>'.
  Types of parameters 'values' and 'data' are incompatible.
    Type 'TFieldValues' is not assignable to type '{ supplier: string; poNumber: string; receiveDate: Date; deliveryType: "Partial" | "Complete"; items: { productId: number; warehouseId: number; quantity: number; notes?: string | undefined; }[]; referenceDocument?: string | undefined; }'.
      Type 'FieldValues' is missing the following properties from type '{ supplier: string; poNumber: string; receiveDate: Date; deliveryType: "Partial" | "Complete"; items: { productId: number; warehouseId: number; quantity: number; notes?: string | undefined; }[]; referenceDocument?: string | undefined; }': supplier, poNumber, receiveDate, deliveryType, items
app/dashboard/good-receive-manual/_components/good-receive-form.tsx(107,25): error TS2322: Type 'Control<{ supplier: string; poNumber: string; receiveDate: Date; deliveryType: "Partial" | "Complete"; items: { productId: number; warehouseId: number; quantity: number; notes?: string | undefined; }[]; referenceDocument?: string | undefined; }, any, TFieldValues>' is not assignable to type 'Control<{ supplier: string; poNumber: string; receiveDate: Date; deliveryType: "Partial" | "Complete"; items: { productId: number; warehouseId: number; quantity: number; notes?: string | undefined; }[]; referenceDocument?: string | undefined; }, any, { ...; }>'.
  The types of '_options.resolver' are incompatible between these types.
    Type 'Resolver<{ supplier: string; poNumber: string; receiveDate: Date; deliveryType: "Partial" | "Complete"; items: { productId: number; warehouseId: number; quantity: number; notes?: string | undefined; }[]; referenceDocument?: string | undefined; }, any, TFieldValues> | undefined' is not assignable to type 'Resolver<{ supplier: string; poNumber: string; receiveDate: Date; deliveryType: "Partial" | "Complete"; items: { productId: number; warehouseId: number; quantity: number; notes?: string | undefined; }[]; referenceDocument?: string | undefined; }, any, { ...; }> | undefined'.
      Type 'Resolver<{ supplier: string; poNumber: string; receiveDate: Date; deliveryType: "Partial" | "Complete"; items: { productId: number; warehouseId: number; quantity: number; notes?: string | undefined; }[]; referenceDocument?: string | undefined; }, any, TFieldValues>' is not assignable to type 'Resolver<{ supplier: string; poNumber: string; receiveDate: Date; deliveryType: "Partial" | "Complete"; items: { productId: number; warehouseId: number; quantity: number; notes?: string | undefined; }[]; referenceDocument?: string | undefined; }, any, { ...; }>'.
        Type 'TFieldValues' is not assignable to type '{ supplier: string; poNumber: string; receiveDate: Date; deliveryType: "Partial" | "Complete"; items: { productId: number; warehouseId: number; quantity: number; notes?: string | undefined; }[]; referenceDocument?: string | undefined; }'.
          Type 'FieldValues' is missing the following properties from type '{ supplier: string; poNumber: string; receiveDate: Date; deliveryType: "Partial" | "Complete"; items: { productId: number; warehouseId: number; quantity: number; notes?: string | undefined; }[]; referenceDocument?: string | undefined; }': supplier, poNumber, receiveDate, deliveryType, items
app/dashboard/good-receive-manual/_components/good-receive-form.tsx(120,25): error TS2322: Type 'Control<{ supplier: string; poNumber: string; receiveDate: Date; deliveryType: "Partial" | "Complete"; items: { productId: number; warehouseId: number; quantity: number; notes?: string | undefined; }[]; referenceDocument?: string | undefined; }, any, TFieldValues>' is not assignable to type 'Control<{ supplier: string; poNumber: string; receiveDate: Date; deliveryType: "Partial" | "Complete"; items: { productId: number; warehouseId: number; quantity: number; notes?: string | undefined; }[]; referenceDocument?: string | undefined; }, any, { ...; }>'.
  The types of '_options.resolver' are incompatible between these types.
    Type 'Resolver<{ supplier: string; poNumber: string; receiveDate: Date; deliveryType: "Partial" | "Complete"; items: { productId: number; warehouseId: number; quantity: number; notes?: string | undefined; }[]; referenceDocument?: string | undefined; }, any, TFieldValues> | undefined' is not assignable to type 'Resolver<{ supplier: string; poNumber: string; receiveDate: Date; deliveryType: "Partial" | "Complete"; items: { productId: number; warehouseId: number; quantity: number; notes?: string | undefined; }[]; referenceDocument?: string | undefined; }, any, { ...; }> | undefined'.
      Type 'Resolver<{ supplier: string; poNumber: string; receiveDate: Date; deliveryType: "Partial" | "Complete"; items: { productId: number; warehouseId: number; quantity: number; notes?: string | undefined; }[]; referenceDocument?: string | undefined; }, any, TFieldValues>' is not assignable to type 'Resolver<{ supplier: string; poNumber: string; receiveDate: Date; deliveryType: "Partial" | "Complete"; items: { productId: number; warehouseId: number; quantity: number; notes?: string | undefined; }[]; referenceDocument?: string | undefined; }, any, { ...; }>'.
        Type 'TFieldValues' is not assignable to type '{ supplier: string; poNumber: string; receiveDate: Date; deliveryType: "Partial" | "Complete"; items: { productId: number; warehouseId: number; quantity: number; notes?: string | undefined; }[]; referenceDocument?: string | undefined; }'.
          Type 'FieldValues' is missing the following properties from type '{ supplier: string; poNumber: string; receiveDate: Date; deliveryType: "Partial" | "Complete"; items: { productId: number; warehouseId: number; quantity: number; notes?: string | undefined; }[]; referenceDocument?: string | undefined; }': supplier, poNumber, receiveDate, deliveryType, items
app/dashboard/good-receive-manual/_components/good-receive-form.tsx(133,25): error TS2322: Type 'Control<{ supplier: string; poNumber: string; receiveDate: Date; deliveryType: "Partial" | "Complete"; items: { productId: number; warehouseId: number; quantity: number; notes?: string | undefined; }[]; referenceDocument?: string | undefined; }, any, TFieldValues>' is not assignable to type 'Control<{ supplier: string; poNumber: string; receiveDate: Date; deliveryType: "Partial" | "Complete"; items: { productId: number; warehouseId: number; quantity: number; notes?: string | undefined; }[]; referenceDocument?: string | undefined; }, any, { ...; }>'.
  The types of '_options.resolver' are incompatible between these types.
    Type 'Resolver<{ supplier: string; poNumber: string; receiveDate: Date; deliveryType: "Partial" | "Complete"; items: { productId: number; warehouseId: number; quantity: number; notes?: string | undefined; }[]; referenceDocument?: string | undefined; }, any, TFieldValues> | undefined' is not assignable to type 'Resolver<{ supplier: string; poNumber: string; receiveDate: Date; deliveryType: "Partial" | "Complete"; items: { productId: number; warehouseId: number; quantity: number; notes?: string | undefined; }[]; referenceDocument?: string | undefined; }, any, { ...; }> | undefined'.
      Type 'Resolver<{ supplier: string; poNumber: string; receiveDate: Date; deliveryType: "Partial" | "Complete"; items: { productId: number; warehouseId: number; quantity: number; notes?: string | undefined; }[]; referenceDocument?: string | undefined; }, any, TFieldValues>' is not assignable to type 'Resolver<{ supplier: string; poNumber: string; receiveDate: Date; deliveryType: "Partial" | "Complete"; items: { productId: number; warehouseId: number; quantity: number; notes?: string | undefined; }[]; referenceDocument?: string | undefined; }, any, { ...; }>'.
        Type 'TFieldValues' is not assignable to type '{ supplier: string; poNumber: string; receiveDate: Date; deliveryType: "Partial" | "Complete"; items: { productId: number; warehouseId: number; quantity: number; notes?: string | undefined; }[]; referenceDocument?: string | undefined; }'.
          Type 'FieldValues' is missing the following properties from type '{ supplier: string; poNumber: string; receiveDate: Date; deliveryType: "Partial" | "Complete"; items: { productId: number; warehouseId: number; quantity: number; notes?: string | undefined; }[]; referenceDocument?: string | undefined; }': supplier, poNumber, receiveDate, deliveryType, items
app/dashboard/good-receive-manual/_components/good-receive-form.tsx(174,25): error TS2322: Type 'Control<{ supplier: string; poNumber: string; receiveDate: Date; deliveryType: "Partial" | "Complete"; items: { productId: number; warehouseId: number; quantity: number; notes?: string | undefined; }[]; referenceDocument?: string | undefined; }, any, TFieldValues>' is not assignable to type 'Control<{ supplier: string; poNumber: string; receiveDate: Date; deliveryType: "Partial" | "Complete"; items: { productId: number; warehouseId: number; quantity: number; notes?: string | undefined; }[]; referenceDocument?: string | undefined; }, any, { ...; }>'.
  The types of '_options.resolver' are incompatible between these types.
    Type 'Resolver<{ supplier: string; poNumber: string; receiveDate: Date; deliveryType: "Partial" | "Complete"; items: { productId: number; warehouseId: number; quantity: number; notes?: string | undefined; }[]; referenceDocument?: string | undefined; }, any, TFieldValues> | undefined' is not assignable to type 'Resolver<{ supplier: string; poNumber: string; receiveDate: Date; deliveryType: "Partial" | "Complete"; items: { productId: number; warehouseId: number; quantity: number; notes?: string | undefined; }[]; referenceDocument?: string | undefined; }, any, { ...; }> | undefined'.
      Type 'Resolver<{ supplier: string; poNumber: string; receiveDate: Date; deliveryType: "Partial" | "Complete"; items: { productId: number; warehouseId: number; quantity: number; notes?: string | undefined; }[]; referenceDocument?: string | undefined; }, any, TFieldValues>' is not assignable to type 'Resolver<{ supplier: string; poNumber: string; receiveDate: Date; deliveryType: "Partial" | "Complete"; items: { productId: number; warehouseId: number; quantity: number; notes?: string | undefined; }[]; referenceDocument?: string | undefined; }, any, { ...; }>'.
        Type 'TFieldValues' is not assignable to type '{ supplier: string; poNumber: string; receiveDate: Date; deliveryType: "Partial" | "Complete"; items: { productId: number; warehouseId: number; quantity: number; notes?: string | undefined; }[]; referenceDocument?: string | undefined; }'.
          Type 'FieldValues' is missing the following properties from type '{ supplier: string; poNumber: string; receiveDate: Date; deliveryType: "Partial" | "Complete"; items: { productId: number; warehouseId: number; quantity: number; notes?: string | undefined; }[]; referenceDocument?: string | undefined; }': supplier, poNumber, receiveDate, deliveryType, items
app/dashboard/good-receive-manual/_components/good-receive-form.tsx(195,25): error TS2322: Type 'Control<{ supplier: string; poNumber: string; receiveDate: Date; deliveryType: "Partial" | "Complete"; items: { productId: number; warehouseId: number; quantity: number; notes?: string | undefined; }[]; referenceDocument?: string | undefined; }, any, TFieldValues>' is not assignable to type 'Control<{ supplier: string; poNumber: string; receiveDate: Date; deliveryType: "Partial" | "Complete"; items: { productId: number; warehouseId: number; quantity: number; notes?: string | undefined; }[]; referenceDocument?: string | undefined; }, any, { ...; }>'.
  The types of '_options.resolver' are incompatible between these types.
    Type 'Resolver<{ supplier: string; poNumber: string; receiveDate: Date; deliveryType: "Partial" | "Complete"; items: { productId: number; warehouseId: number; quantity: number; notes?: string | undefined; }[]; referenceDocument?: string | undefined; }, any, TFieldValues> | undefined' is not assignable to type 'Resolver<{ supplier: string; poNumber: string; receiveDate: Date; deliveryType: "Partial" | "Complete"; items: { productId: number; warehouseId: number; quantity: number; notes?: string | undefined; }[]; referenceDocument?: string | undefined; }, any, { ...; }> | undefined'.
      Type 'Resolver<{ supplier: string; poNumber: string; receiveDate: Date; deliveryType: "Partial" | "Complete"; items: { productId: number; warehouseId: number; quantity: number; notes?: string | undefined; }[]; referenceDocument?: string | undefined; }, any, TFieldValues>' is not assignable to type 'Resolver<{ supplier: string; poNumber: string; receiveDate: Date; deliveryType: "Partial" | "Complete"; items: { productId: number; warehouseId: number; quantity: number; notes?: string | undefined; }[]; referenceDocument?: string | undefined; }, any, { ...; }>'.
        Type 'TFieldValues' is not assignable to type '{ supplier: string; poNumber: string; receiveDate: Date; deliveryType: "Partial" | "Complete"; items: { productId: number; warehouseId: number; quantity: number; notes?: string | undefined; }[]; referenceDocument?: string | undefined; }'.
          Type 'FieldValues' is missing the following properties from type '{ supplier: string; poNumber: string; receiveDate: Date; deliveryType: "Partial" | "Complete"; items: { productId: number; warehouseId: number; quantity: number; notes?: string | undefined; }[]; referenceDocument?: string | undefined; }': supplier, poNumber, receiveDate, deliveryType, items
app/dashboard/good-receive-manual/_components/good-receive-form.tsx(239,49): error TS2322: Type 'Control<{ supplier: string; poNumber: string; receiveDate: Date; deliveryType: "Partial" | "Complete"; items: { productId: number; warehouseId: number; quantity: number; notes?: string | undefined; }[]; referenceDocument?: string | undefined; }, any, TFieldValues>' is not assignable to type 'Control<{ supplier: string; poNumber: string; receiveDate: Date; deliveryType: "Partial" | "Complete"; items: { productId: number; warehouseId: number; quantity: number; notes?: string | undefined; }[]; referenceDocument?: string | undefined; }, any, { ...; }>'.
  The types of '_options.resolver' are incompatible between these types.
    Type 'Resolver<{ supplier: string; poNumber: string; receiveDate: Date; deliveryType: "Partial" | "Complete"; items: { productId: number; warehouseId: number; quantity: number; notes?: string | undefined; }[]; referenceDocument?: string | undefined; }, any, TFieldValues> | undefined' is not assignable to type 'Resolver<{ supplier: string; poNumber: string; receiveDate: Date; deliveryType: "Partial" | "Complete"; items: { productId: number; warehouseId: number; quantity: number; notes?: string | undefined; }[]; referenceDocument?: string | undefined; }, any, { ...; }> | undefined'.
      Type 'Resolver<{ supplier: string; poNumber: string; receiveDate: Date; deliveryType: "Partial" | "Complete"; items: { productId: number; warehouseId: number; quantity: number; notes?: string | undefined; }[]; referenceDocument?: string | undefined; }, any, TFieldValues>' is not assignable to type 'Resolver<{ supplier: string; poNumber: string; receiveDate: Date; deliveryType: "Partial" | "Complete"; items: { productId: number; warehouseId: number; quantity: number; notes?: string | undefined; }[]; referenceDocument?: string | undefined; }, any, { ...; }>'.
        Type 'TFieldValues' is not assignable to type '{ supplier: string; poNumber: string; receiveDate: Date; deliveryType: "Partial" | "Complete"; items: { productId: number; warehouseId: number; quantity: number; notes?: string | undefined; }[]; referenceDocument?: string | undefined; }'.
          Type 'FieldValues' is missing the following properties from type '{ supplier: string; poNumber: string; receiveDate: Date; deliveryType: "Partial" | "Complete"; items: { productId: number; warehouseId: number; quantity: number; notes?: string | undefined; }[]; referenceDocument?: string | undefined; }': supplier, poNumber, receiveDate, deliveryType, items
app/dashboard/good-receive-manual/_components/good-receive-form.tsx(267,49): error TS2322: Type 'Control<{ supplier: string; poNumber: string; receiveDate: Date; deliveryType: "Partial" | "Complete"; items: { productId: number; warehouseId: number; quantity: number; notes?: string | undefined; }[]; referenceDocument?: string | undefined; }, any, TFieldValues>' is not assignable to type 'Control<{ supplier: string; poNumber: string; receiveDate: Date; deliveryType: "Partial" | "Complete"; items: { productId: number; warehouseId: number; quantity: number; notes?: string | undefined; }[]; referenceDocument?: string | undefined; }, any, { ...; }>'.
  The types of '_options.resolver' are incompatible between these types.
    Type 'Resolver<{ supplier: string; poNumber: string; receiveDate: Date; deliveryType: "Partial" | "Complete"; items: { productId: number; warehouseId: number; quantity: number; notes?: string | undefined; }[]; referenceDocument?: string | undefined; }, any, TFieldValues> | undefined' is not assignable to type 'Resolver<{ supplier: string; poNumber: string; receiveDate: Date; deliveryType: "Partial" | "Complete"; items: { productId: number; warehouseId: number; quantity: number; notes?: string | undefined; }[]; referenceDocument?: string | undefined; }, any, { ...; }> | undefined'.
      Type 'Resolver<{ supplier: string; poNumber: string; receiveDate: Date; deliveryType: "Partial" | "Complete"; items: { productId: number; warehouseId: number; quantity: number; notes?: string | undefined; }[]; referenceDocument?: string | undefined; }, any, TFieldValues>' is not assignable to type 'Resolver<{ supplier: string; poNumber: string; receiveDate: Date; deliveryType: "Partial" | "Complete"; items: { productId: number; warehouseId: number; quantity: number; notes?: string | undefined; }[]; referenceDocument?: string | undefined; }, any, { ...; }>'.
        Type 'TFieldValues' is not assignable to type '{ supplier: string; poNumber: string; receiveDate: Date; deliveryType: "Partial" | "Complete"; items: { productId: number; warehouseId: number; quantity: number; notes?: string | undefined; }[]; referenceDocument?: string | undefined; }'.
          Type 'FieldValues' is missing the following properties from type '{ supplier: string; poNumber: string; receiveDate: Date; deliveryType: "Partial" | "Complete"; items: { productId: number; warehouseId: number; quantity: number; notes?: string | undefined; }[]; referenceDocument?: string | undefined; }': supplier, poNumber, receiveDate, deliveryType, items
app/dashboard/good-receive-manual/_components/good-receive-form.tsx(295,49): error TS2322: Type 'Control<{ supplier: string; poNumber: string; receiveDate: Date; deliveryType: "Partial" | "Complete"; items: { productId: number; warehouseId: number; quantity: number; notes?: string | undefined; }[]; referenceDocument?: string | undefined; }, any, TFieldValues>' is not assignable to type 'Control<{ supplier: string; poNumber: string; receiveDate: Date; deliveryType: "Partial" | "Complete"; items: { productId: number; warehouseId: number; quantity: number; notes?: string | undefined; }[]; referenceDocument?: string | undefined; }, any, { ...; }>'.
  The types of '_options.resolver' are incompatible between these types.
    Type 'Resolver<{ supplier: string; poNumber: string; receiveDate: Date; deliveryType: "Partial" | "Complete"; items: { productId: number; warehouseId: number; quantity: number; notes?: string | undefined; }[]; referenceDocument?: string | undefined; }, any, TFieldValues> | undefined' is not assignable to type 'Resolver<{ supplier: string; poNumber: string; receiveDate: Date; deliveryType: "Partial" | "Complete"; items: { productId: number; warehouseId: number; quantity: number; notes?: string | undefined; }[]; referenceDocument?: string | undefined; }, any, { ...; }> | undefined'.
      Type 'Resolver<{ supplier: string; poNumber: string; receiveDate: Date; deliveryType: "Partial" | "Complete"; items: { productId: number; warehouseId: number; quantity: number; notes?: string | undefined; }[]; referenceDocument?: string | undefined; }, any, TFieldValues>' is not assignable to type 'Resolver<{ supplier: string; poNumber: string; receiveDate: Date; deliveryType: "Partial" | "Complete"; items: { productId: number; warehouseId: number; quantity: number; notes?: string | undefined; }[]; referenceDocument?: string | undefined; }, any, { ...; }>'.
        Type 'TFieldValues' is not assignable to type '{ supplier: string; poNumber: string; receiveDate: Date; deliveryType: "Partial" | "Complete"; items: { productId: number; warehouseId: number; quantity: number; notes?: string | undefined; }[]; referenceDocument?: string | undefined; }'.
          Type 'FieldValues' is missing the following properties from type '{ supplier: string; poNumber: string; receiveDate: Date; deliveryType: "Partial" | "Complete"; items: { productId: number; warehouseId: number; quantity: number; notes?: string | undefined; }[]; referenceDocument?: string | undefined; }': supplier, poNumber, receiveDate, deliveryType, items
app/dashboard/good-receive-manual/_components/good-receive-form.tsx(313,49): error TS2322: Type 'Control<{ supplier: string; poNumber: string; receiveDate: Date; deliveryType: "Partial" | "Complete"; items: { productId: number; warehouseId: number; quantity: number; notes?: string | undefined; }[]; referenceDocument?: string | undefined; }, any, TFieldValues>' is not assignable to type 'Control<{ supplier: string; poNumber: string; receiveDate: Date; deliveryType: "Partial" | "Complete"; items: { productId: number; warehouseId: number; quantity: number; notes?: string | undefined; }[]; referenceDocument?: string | undefined; }, any, { ...; }>'.
  The types of '_options.resolver' are incompatible between these types.
    Type 'Resolver<{ supplier: string; poNumber: string; receiveDate: Date; deliveryType: "Partial" | "Complete"; items: { productId: number; warehouseId: number; quantity: number; notes?: string | undefined; }[]; referenceDocument?: string | undefined; }, any, TFieldValues> | undefined' is not assignable to type 'Resolver<{ supplier: string; poNumber: string; receiveDate: Date; deliveryType: "Partial" | "Complete"; items: { productId: number; warehouseId: number; quantity: number; notes?: string | undefined; }[]; referenceDocument?: string | undefined; }, any, { ...; }> | undefined'.
      Type 'Resolver<{ supplier: string; poNumber: string; receiveDate: Date; deliveryType: "Partial" | "Complete"; items: { productId: number; warehouseId: number; quantity: number; notes?: string | undefined; }[]; referenceDocument?: string | undefined; }, any, TFieldValues>' is not assignable to type 'Resolver<{ supplier: string; poNumber: string; receiveDate: Date; deliveryType: "Partial" | "Complete"; items: { productId: number; warehouseId: number; quantity: number; notes?: string | undefined; }[]; referenceDocument?: string | undefined; }, any, { ...; }>'.
        Type 'TFieldValues' is not assignable to type '{ supplier: string; poNumber: string; receiveDate: Date; deliveryType: "Partial" | "Complete"; items: { productId: number; warehouseId: number; quantity: number; notes?: string | undefined; }[]; referenceDocument?: string | undefined; }'.
          Type 'FieldValues' is missing the following properties from type '{ supplier: string; poNumber: string; receiveDate: Date; deliveryType: "Partial" | "Complete"; items: { productId: number; warehouseId: number; quantity: number; notes?: string | undefined; }[]; referenceDocument?: string | undefined; }': supplier, poNumber, receiveDate, deliveryType, items
app/dashboard/quotations/_components/quotation-form.tsx(299,36): error TS2339: Property 'error' does not exist on type '{ success: boolean; error: string; } | { success: boolean; error?: undefined; } | { success: boolean; id: number; }'.
  Property 'error' does not exist on type '{ success: boolean; id: number; }'.
app/dashboard/reports/products/page.tsx(4,26): error TS2724: '"@/components/reports/report-charts"' has no exported member named 'ReportScatterChart'. Did you mean 'ReportBarChart'?
app/dashboard/reports/products/page.tsx(4,46): error TS2305: Module '"@/components/reports/report-charts"' has no exported member 'ReportTreemapChart'.
app/dashboard/reports/products/page.tsx(11,28): error TS2339: Property 'productPerformance' does not exist on type 'ProductPerformanceReportData'.
app/dashboard/reports/products/page.tsx(11,55): error TS7006: Parameter 'sum' implicitly has an 'any' type.
app/dashboard/reports/products/page.tsx(11,60): error TS7006: Parameter 'p' implicitly has an 'any' type.
app/dashboard/reports/products/page.tsx(12,27): error TS2339: Property 'productPerformance' does not exist on type 'ProductPerformanceReportData'.
app/dashboard/reports/products/page.tsx(12,54): error TS7006: Parameter 'sum' implicitly has an 'any' type.
app/dashboard/reports/products/page.tsx(12,59): error TS7006: Parameter 'p' implicitly has an 'any' type.
app/dashboard/reports/products/page.tsx(15,30): error TS2339: Property 'productPerformance' does not exist on type 'ProductPerformanceReportData'.
app/dashboard/reports/products/page.tsx(15,57): error TS7006: Parameter 'sum' implicitly has an 'any' type.
app/dashboard/reports/products/page.tsx(15,62): error TS7006: Parameter 'p' implicitly has an 'any' type.
app/dashboard/reports/products/page.tsx(39,25): error TS2339: Property 'lowPerformers' does not exist on type 'ProductPerformanceReportData'.
app/dashboard/reports/products/page.tsx(41,27): error TS2339: Property 'lowPerformers' does not exist on type 'ProductPerformanceReportData'.
app/dashboard/reports/products/page.tsx(45,30): error TS2339: Property 'productPerformance' does not exist on type 'ProductPerformanceReportData'.
app/dashboard/reports/products/page.tsx(45,53): error TS7006: Parameter 'p' implicitly has an 'any' type.
app/dashboard/reports/products/page.tsx(57,37): error TS2339: Property 'productPerformance' does not exist on type 'ProductPerformanceReportData'.
app/dashboard/reports/products/page.tsx(57,73): error TS7006: Parameter 'p' implicitly has an 'any' type.
app/dashboard/reports/products/page.tsx(125,58): error TS2339: Property 'lowPerformers' does not exist on type 'ProductPerformanceReportData'.
app/dashboard/reports/products/page.tsx(141,47): error TS2339: Property 'lowPerformers' does not exist on type 'ProductPerformanceReportData'.
app/dashboard/reports/products/page.tsx(141,79): error TS7006: Parameter 'prod' implicitly has an 'any' type.
app/dashboard/reports/products/page.tsx(141,85): error TS7006: Parameter 'i' implicitly has an 'any' type.
app/dashboard/reports/products/page.tsx(150,47): error TS2339: Property 'lowPerformers' does not exist on type 'ProductPerformanceReportData'.
app/dashboard/reports/sales/page.tsx(100,32): error TS2322: Type '({ title: string; value: string; change: number; changeLabel: string; icon: ForwardRefExoticComponent<Omit<LucideProps, "ref"> & RefAttributes<SVGSVGElement>>; variant: "success"; } | { ...; } | { ...; })[]' is not assignable to type 'KPI[]'.
  Type '{ title: string; value: string; change: number; changeLabel: string; icon: ForwardRefExoticComponent<Omit<LucideProps, "ref"> & RefAttributes<SVGSVGElement>>; variant: "success"; } | { ...; } | { ...; }' is not assignable to type 'KPI'.
    Type '{ title: string; value: string; icon: ForwardRefExoticComponent<Omit<LucideProps, "ref"> & RefAttributes<SVGSVGElement>>; variant: string; change?: undefined; changeLabel?: undefined; }' is not assignable to type 'KPI'.
      Types of property 'variant' are incompatible.
        Type 'string' is not assignable to type '"default" | "success" | "warning" | "danger" | undefined'.
app/dashboard/reports/warehouse/page.tsx(12,64): error TS2339: Property 'tripsCompleted' does not exist on type '{ vehicleNumber: string; vehicleType: string; totalTrips: number; totalDistance?: number | undefined; utilizationRate: number; totalCost: number; }'.
app/dashboard/reports/warehouse/page.tsx(14,69): error TS2339: Property 'status' does not exist on type '{ month: string; totalDeliveries: number; completedDeliveries: number; averageDeliveryTime: number; onTimeRate: number; }'.
app/dashboard/reports/warehouse/page.tsx(14,111): error TS2339: Property 'status' does not exist on type '{ month: string; totalDeliveries: number; completedDeliveries: number; averageDeliveryTime: number; onTimeRate: number; }'.
app/dashboard/reports/warehouse/page.tsx(15,81): error TS2339: Property 'count' does not exist on type '{ month: string; totalDeliveries: number; completedDeliveries: number; averageDeliveryTime: number; onTimeRate: number; }'.
app/dashboard/reports/warehouse/page.tsx(16,88): error TS2339: Property 'count' does not exist on type '{ month: string; totalDeliveries: number; completedDeliveries: number; averageDeliveryTime: number; onTimeRate: number; }'.
app/dashboard/reports/warehouse/page.tsx(53,20): error TS2551: Property 'sourceWarehouse' does not exist on type '{ fromWarehouse: string; toWarehouse: string; transferCount: number; totalQuantity: number; totalValue: number; }'. Did you mean 'toWarehouse'?
app/dashboard/reports/warehouse/page.tsx(53,48): error TS2339: Property 'destinationWarehouse' does not exist on type '{ fromWarehouse: string; toWarehouse: string; transferCount: number; totalQuantity: number; totalValue: number; }'.
app/dashboard/reports/warehouse/page.tsx(58,17): error TS2339: Property 'licensePlate' does not exist on type '{ vehicleNumber: string; vehicleType: string; totalTrips: number; totalDistance?: number | undefined; utilizationRate: number; totalCost: number; }'.
app/dashboard/reports/warehouse/page.tsx(60,22): error TS2339: Property 'tripsCompleted' does not exist on type '{ vehicleNumber: string; vehicleType: string; totalTrips: number; totalDistance?: number | undefined; utilizationRate: number; totalCost: number; }'.
app/dashboard/reports/warehouse/page.tsx(64,17): error TS2339: Property 'status' does not exist on type '{ month: string; totalDeliveries: number; completedDeliveries: number; averageDeliveryTime: number; onTimeRate: number; }'.
app/dashboard/reports/warehouse/page.tsx(65,18): error TS2339: Property 'count' does not exist on type '{ month: string; totalDeliveries: number; completedDeliveries: number; averageDeliveryTime: number; onTimeRate: number; }'.
app/dashboard/reports/warehouse/page.tsx(98,42): error TS2339: Property 'usedCapacity' does not exist on type '{ warehouseId: number; warehouseName: string; warehouseType: string; totalProducts: number; totalStock: number; capacityUsed: number; capacityTotal: number; utilizationRate: number; }'.
app/dashboard/reports/warehouse/page.tsx(99,40): error TS2339: Property 'totalCapacity' does not exist on type '{ warehouseId: number; warehouseName: string; warehouseType: string; totalProducts: number; totalStock: number; capacityUsed: number; capacityTotal: number; utilizationRate: number; }'.
app/dashboard/reports/warehouse/page.tsx(141,25): error TS2322: Type '{ data: { name: any; value: number; secondary: any; }[]; title: string; description: string; height: number; horizontal: boolean; colors: string[]; }' is not assignable to type 'IntrinsicAttributes & BarChartProps'.
  Property 'horizontal' does not exist on type 'IntrinsicAttributes & BarChartProps'.
app/dashboard/sales-orders/_components/quick-add-product-dialog.tsx(62,9): error TS2322: Type 'Resolver<{ category: string; materialNumber: string; oldMaterialNo?: string | undefined; materialDescription?: string | undefined; brand?: string | undefined; costSap?: string | undefined; ... 7 more ...; initialStock?: number | undefined; }, any, { ...; }>' is not assignable to type 'Resolver<{ category: string; materialNumber: string; addStock: boolean; oldMaterialNo?: string | undefined; materialDescription?: string | undefined; brand?: string | undefined; costSap?: string | undefined; ... 6 more ...; initialStock?: number | undefined; }, any, { ...; }>'.
  Types of parameters 'options' and 'options' are incompatible.
    Type 'ResolverOptions<{ category: string; materialNumber: string; addStock: boolean; oldMaterialNo?: string | undefined; materialDescription?: string | undefined; brand?: string | undefined; costSap?: string | undefined; ... 6 more ...; initialStock?: number | undefined; }>' is not assignable to type 'ResolverOptions<{ category: string; materialNumber: string; oldMaterialNo?: string | undefined; materialDescription?: string | undefined; brand?: string | undefined; costSap?: string | undefined; ... 7 more ...; initialStock?: number | undefined; }>'.
      Type 'boolean | undefined' is not assignable to type 'boolean'.
        Type 'undefined' is not assignable to type 'boolean'.
app/dashboard/sales-orders/_components/quick-add-product-dialog.tsx(92,58): error TS2339: Property 'id' does not exist on type '{ success: boolean; error: string; } | { success: boolean; error?: undefined; }'.
  Property 'id' does not exist on type '{ success: boolean; error: string; }'.
app/dashboard/sales-orders/_components/quick-add-product-dialog.tsx(100,46): error TS2339: Property 'id' does not exist on type '{ success: boolean; error: string; } | { success: boolean; error?: undefined; }'.
  Property 'id' does not exist on type '{ success: boolean; error: string; }'.
app/dashboard/sales-orders/_components/quick-add-product-dialog.tsx(116,35): error TS2339: Property 'id' does not exist on type '{ success: boolean; error: string; } | { success: boolean; error?: undefined; }'.
  Property 'id' does not exist on type '{ success: boolean; error: string; }'.
app/dashboard/sales-orders/_components/quick-add-product-dialog.tsx(119,17): error TS2322: Type 'string | undefined' is not assignable to type 'string | null'.
  Type 'undefined' is not assignable to type 'string | null'.
app/dashboard/sales-orders/_components/quick-add-product-dialog.tsx(160,55): error TS2345: Argument of type '(data: { category: string; materialNumber: string; addStock: boolean; oldMaterialNo?: string | undefined; materialDescription?: string | undefined; brand?: string | undefined; costSap?: string | undefined; ... 6 more ...; initialStock?: number | undefined; }) => Promise<...>' is not assignable to parameter of type 'SubmitHandler<TFieldValues>'.
  Types of parameters 'data' and 'data' are incompatible.
    Type 'TFieldValues' is not assignable to type '{ category: string; materialNumber: string; addStock: boolean; oldMaterialNo?: string | undefined; materialDescription?: string | undefined; brand?: string | undefined; costSap?: string | undefined; ... 6 more ...; initialStock?: number | undefined; }'.
      Type 'FieldValues' is missing the following properties from type '{ category: string; materialNumber: string; addStock: boolean; oldMaterialNo?: string | undefined; materialDescription?: string | undefined; brand?: string | undefined; costSap?: string | undefined; ... 6 more ...; initialStock?: number | undefined; }': category, materialNumber, addStock
app/dashboard/sales-orders/_components/quick-add-product-dialog.tsx(163,33): error TS2322: Type 'Control<{ category: string; materialNumber: string; addStock: boolean; oldMaterialNo?: string | undefined; materialDescription?: string | undefined; brand?: string | undefined; costSap?: string | undefined; ... 6 more ...; initialStock?: number | undefined; }, any, TFieldValues>' is not assignable to type 'Control<{ category: string; materialNumber: string; addStock: boolean; oldMaterialNo?: string | undefined; materialDescription?: string | undefined; brand?: string | undefined; costSap?: string | undefined; ... 6 more ...; initialStock?: number | undefined; }, any, { ...; }>'.
  The types of '_options.resolver' are incompatible between these types.
    Type 'Resolver<{ category: string; materialNumber: string; addStock: boolean; oldMaterialNo?: string | undefined; materialDescription?: string | undefined; brand?: string | undefined; costSap?: string | undefined; ... 6 more ...; initialStock?: number | undefined; }, any, TFieldValues> | undefined' is not assignable to type 'Resolver<{ category: string; materialNumber: string; addStock: boolean; oldMaterialNo?: string | undefined; materialDescription?: string | undefined; brand?: string | undefined; costSap?: string | undefined; ... 6 more ...; initialStock?: number | undefined; }, any, { ...; }> | undefined'.
      Type 'Resolver<{ category: string; materialNumber: string; addStock: boolean; oldMaterialNo?: string | undefined; materialDescription?: string | undefined; brand?: string | undefined; costSap?: string | undefined; ... 6 more ...; initialStock?: number | undefined; }, any, TFieldValues>' is not assignable to type 'Resolver<{ category: string; materialNumber: string; addStock: boolean; oldMaterialNo?: string | undefined; materialDescription?: string | undefined; brand?: string | undefined; costSap?: string | undefined; ... 6 more ...; initialStock?: number | undefined; }, any, { ...; }>'.
        Type 'TFieldValues' is not assignable to type '{ category: string; materialNumber: string; addStock: boolean; oldMaterialNo?: string | undefined; materialDescription?: string | undefined; brand?: string | undefined; costSap?: string | undefined; ... 6 more ...; initialStock?: number | undefined; }'.
          Type 'FieldValues' is missing the following properties from type '{ category: string; materialNumber: string; addStock: boolean; oldMaterialNo?: string | undefined; materialDescription?: string | undefined; brand?: string | undefined; costSap?: string | undefined; ... 6 more ...; initialStock?: number | undefined; }': category, materialNumber, addStock
app/dashboard/sales-orders/_components/quick-add-product-dialog.tsx(176,33): error TS2322: Type 'Control<{ category: string; materialNumber: string; addStock: boolean; oldMaterialNo?: string | undefined; materialDescription?: string | undefined; brand?: string | undefined; costSap?: string | undefined; ... 6 more ...; initialStock?: number | undefined; }, any, TFieldValues>' is not assignable to type 'Control<{ category: string; materialNumber: string; addStock: boolean; oldMaterialNo?: string | undefined; materialDescription?: string | undefined; brand?: string | undefined; costSap?: string | undefined; ... 6 more ...; initialStock?: number | undefined; }, any, { ...; }>'.
  The types of '_options.resolver' are incompatible between these types.
    Type 'Resolver<{ category: string; materialNumber: string; addStock: boolean; oldMaterialNo?: string | undefined; materialDescription?: string | undefined; brand?: string | undefined; costSap?: string | undefined; ... 6 more ...; initialStock?: number | undefined; }, any, TFieldValues> | undefined' is not assignable to type 'Resolver<{ category: string; materialNumber: string; addStock: boolean; oldMaterialNo?: string | undefined; materialDescription?: string | undefined; brand?: string | undefined; costSap?: string | undefined; ... 6 more ...; initialStock?: number | undefined; }, any, { ...; }> | undefined'.
      Type 'Resolver<{ category: string; materialNumber: string; addStock: boolean; oldMaterialNo?: string | undefined; materialDescription?: string | undefined; brand?: string | undefined; costSap?: string | undefined; ... 6 more ...; initialStock?: number | undefined; }, any, TFieldValues>' is not assignable to type 'Resolver<{ category: string; materialNumber: string; addStock: boolean; oldMaterialNo?: string | undefined; materialDescription?: string | undefined; brand?: string | undefined; costSap?: string | undefined; ... 6 more ...; initialStock?: number | undefined; }, any, { ...; }>'.
        Type 'TFieldValues' is not assignable to type '{ category: string; materialNumber: string; addStock: boolean; oldMaterialNo?: string | undefined; materialDescription?: string | undefined; brand?: string | undefined; costSap?: string | undefined; ... 6 more ...; initialStock?: number | undefined; }'.
          Type 'FieldValues' is missing the following properties from type '{ category: string; materialNumber: string; addStock: boolean; oldMaterialNo?: string | undefined; materialDescription?: string | undefined; brand?: string | undefined; costSap?: string | undefined; ... 6 more ...; initialStock?: number | undefined; }': category, materialNumber, addStock
app/dashboard/sales-orders/_components/quick-add-product-dialog.tsx(191,29): error TS2322: Type 'Control<{ category: string; materialNumber: string; addStock: boolean; oldMaterialNo?: string | undefined; materialDescription?: string | undefined; brand?: string | undefined; costSap?: string | undefined; ... 6 more ...; initialStock?: number | undefined; }, any, TFieldValues>' is not assignable to type 'Control<{ category: string; materialNumber: string; addStock: boolean; oldMaterialNo?: string | undefined; materialDescription?: string | undefined; brand?: string | undefined; costSap?: string | undefined; ... 6 more ...; initialStock?: number | undefined; }, any, { ...; }>'.
  The types of '_options.resolver' are incompatible between these types.
    Type 'Resolver<{ category: string; materialNumber: string; addStock: boolean; oldMaterialNo?: string | undefined; materialDescription?: string | undefined; brand?: string | undefined; costSap?: string | undefined; ... 6 more ...; initialStock?: number | undefined; }, any, TFieldValues> | undefined' is not assignable to type 'Resolver<{ category: string; materialNumber: string; addStock: boolean; oldMaterialNo?: string | undefined; materialDescription?: string | undefined; brand?: string | undefined; costSap?: string | undefined; ... 6 more ...; initialStock?: number | undefined; }, any, { ...; }> | undefined'.
      Type 'Resolver<{ category: string; materialNumber: string; addStock: boolean; oldMaterialNo?: string | undefined; materialDescription?: string | undefined; brand?: string | undefined; costSap?: string | undefined; ... 6 more ...; initialStock?: number | undefined; }, any, TFieldValues>' is not assignable to type 'Resolver<{ category: string; materialNumber: string; addStock: boolean; oldMaterialNo?: string | undefined; materialDescription?: string | undefined; brand?: string | undefined; costSap?: string | undefined; ... 6 more ...; initialStock?: number | undefined; }, any, { ...; }>'.
        Type 'TFieldValues' is not assignable to type '{ category: string; materialNumber: string; addStock: boolean; oldMaterialNo?: string | undefined; materialDescription?: string | undefined; brand?: string | undefined; costSap?: string | undefined; ... 6 more ...; initialStock?: number | undefined; }'.
          Type 'FieldValues' is missing the following properties from type '{ category: string; materialNumber: string; addStock: boolean; oldMaterialNo?: string | undefined; materialDescription?: string | undefined; brand?: string | undefined; costSap?: string | undefined; ... 6 more ...; initialStock?: number | undefined; }': category, materialNumber, addStock
app/dashboard/sales-orders/_components/quick-add-product-dialog.tsx(206,33): error TS2322: Type 'Control<{ category: string; materialNumber: string; addStock: boolean; oldMaterialNo?: string | undefined; materialDescription?: string | undefined; brand?: string | undefined; costSap?: string | undefined; ... 6 more ...; initialStock?: number | undefined; }, any, TFieldValues>' is not assignable to type 'Control<{ category: string; materialNumber: string; addStock: boolean; oldMaterialNo?: string | undefined; materialDescription?: string | undefined; brand?: string | undefined; costSap?: string | undefined; ... 6 more ...; initialStock?: number | undefined; }, any, { ...; }>'.
  The types of '_options.resolver' are incompatible between these types.
    Type 'Resolver<{ category: string; materialNumber: string; addStock: boolean; oldMaterialNo?: string | undefined; materialDescription?: string | undefined; brand?: string | undefined; costSap?: string | undefined; ... 6 more ...; initialStock?: number | undefined; }, any, TFieldValues> | undefined' is not assignable to type 'Resolver<{ category: string; materialNumber: string; addStock: boolean; oldMaterialNo?: string | undefined; materialDescription?: string | undefined; brand?: string | undefined; costSap?: string | undefined; ... 6 more ...; initialStock?: number | undefined; }, any, { ...; }> | undefined'.
      Type 'Resolver<{ category: string; materialNumber: string; addStock: boolean; oldMaterialNo?: string | undefined; materialDescription?: string | undefined; brand?: string | undefined; costSap?: string | undefined; ... 6 more ...; initialStock?: number | undefined; }, any, TFieldValues>' is not assignable to type 'Resolver<{ category: string; materialNumber: string; addStock: boolean; oldMaterialNo?: string | undefined; materialDescription?: string | undefined; brand?: string | undefined; costSap?: string | undefined; ... 6 more ...; initialStock?: number | undefined; }, any, { ...; }>'.
        Type 'TFieldValues' is not assignable to type '{ category: string; materialNumber: string; addStock: boolean; oldMaterialNo?: string | undefined; materialDescription?: string | undefined; brand?: string | undefined; costSap?: string | undefined; ... 6 more ...; initialStock?: number | undefined; }'.
          Type 'FieldValues' is missing the following properties from type '{ category: string; materialNumber: string; addStock: boolean; oldMaterialNo?: string | undefined; materialDescription?: string | undefined; brand?: string | undefined; costSap?: string | undefined; ... 6 more ...; initialStock?: number | undefined; }': category, materialNumber, addStock
app/dashboard/sales-orders/_components/quick-add-product-dialog.tsx(219,33): error TS2322: Type 'Control<{ category: string; materialNumber: string; addStock: boolean; oldMaterialNo?: string | undefined; materialDescription?: string | undefined; brand?: string | undefined; costSap?: string | undefined; ... 6 more ...; initialStock?: number | undefined; }, any, TFieldValues>' is not assignable to type 'Control<{ category: string; materialNumber: string; addStock: boolean; oldMaterialNo?: string | undefined; materialDescription?: string | undefined; brand?: string | undefined; costSap?: string | undefined; ... 6 more ...; initialStock?: number | undefined; }, any, { ...; }>'.
  The types of '_options.resolver' are incompatible between these types.
    Type 'Resolver<{ category: string; materialNumber: string; addStock: boolean; oldMaterialNo?: string | undefined; materialDescription?: string | undefined; brand?: string | undefined; costSap?: string | undefined; ... 6 more ...; initialStock?: number | undefined; }, any, TFieldValues> | undefined' is not assignable to type 'Resolver<{ category: string; materialNumber: string; addStock: boolean; oldMaterialNo?: string | undefined; materialDescription?: string | undefined; brand?: string | undefined; costSap?: string | undefined; ... 6 more ...; initialStock?: number | undefined; }, any, { ...; }> | undefined'.
      Type 'Resolver<{ category: string; materialNumber: string; addStock: boolean; oldMaterialNo?: string | undefined; materialDescription?: string | undefined; brand?: string | undefined; costSap?: string | undefined; ... 6 more ...; initialStock?: number | undefined; }, any, TFieldValues>' is not assignable to type 'Resolver<{ category: string; materialNumber: string; addStock: boolean; oldMaterialNo?: string | undefined; materialDescription?: string | undefined; brand?: string | undefined; costSap?: string | undefined; ... 6 more ...; initialStock?: number | undefined; }, any, { ...; }>'.
        Type 'TFieldValues' is not assignable to type '{ category: string; materialNumber: string; addStock: boolean; oldMaterialNo?: string | undefined; materialDescription?: string | undefined; brand?: string | undefined; costSap?: string | undefined; ... 6 more ...; initialStock?: number | undefined; }'.
          Type 'FieldValues' is missing the following properties from type '{ category: string; materialNumber: string; addStock: boolean; oldMaterialNo?: string | undefined; materialDescription?: string | undefined; brand?: string | undefined; costSap?: string | undefined; ... 6 more ...; initialStock?: number | undefined; }': category, materialNumber, addStock
app/dashboard/sales-orders/_components/quick-add-product-dialog.tsx(236,33): error TS2322: Type 'Control<{ category: string; materialNumber: string; addStock: boolean; oldMaterialNo?: string | undefined; materialDescription?: string | undefined; brand?: string | undefined; costSap?: string | undefined; ... 6 more ...; initialStock?: number | undefined; }, any, TFieldValues>' is not assignable to type 'Control<{ category: string; materialNumber: string; addStock: boolean; oldMaterialNo?: string | undefined; materialDescription?: string | undefined; brand?: string | undefined; costSap?: string | undefined; ... 6 more ...; initialStock?: number | undefined; }, any, { ...; }>'.
  The types of '_options.resolver' are incompatible between these types.
    Type 'Resolver<{ category: string; materialNumber: string; addStock: boolean; oldMaterialNo?: string | undefined; materialDescription?: string | undefined; brand?: string | undefined; costSap?: string | undefined; ... 6 more ...; initialStock?: number | undefined; }, any, TFieldValues> | undefined' is not assignable to type 'Resolver<{ category: string; materialNumber: string; addStock: boolean; oldMaterialNo?: string | undefined; materialDescription?: string | undefined; brand?: string | undefined; costSap?: string | undefined; ... 6 more ...; initialStock?: number | undefined; }, any, { ...; }> | undefined'.
      Type 'Resolver<{ category: string; materialNumber: string; addStock: boolean; oldMaterialNo?: string | undefined; materialDescription?: string | undefined; brand?: string | undefined; costSap?: string | undefined; ... 6 more ...; initialStock?: number | undefined; }, any, TFieldValues>' is not assignable to type 'Resolver<{ category: string; materialNumber: string; addStock: boolean; oldMaterialNo?: string | undefined; materialDescription?: string | undefined; brand?: string | undefined; costSap?: string | undefined; ... 6 more ...; initialStock?: number | undefined; }, any, { ...; }>'.
        Type 'TFieldValues' is not assignable to type '{ category: string; materialNumber: string; addStock: boolean; oldMaterialNo?: string | undefined; materialDescription?: string | undefined; brand?: string | undefined; costSap?: string | undefined; ... 6 more ...; initialStock?: number | undefined; }'.
          Type 'FieldValues' is missing the following properties from type '{ category: string; materialNumber: string; addStock: boolean; oldMaterialNo?: string | undefined; materialDescription?: string | undefined; brand?: string | undefined; costSap?: string | undefined; ... 6 more ...; initialStock?: number | undefined; }': category, materialNumber, addStock
app/dashboard/sales-orders/_components/quick-add-product-dialog.tsx(261,41): error TS2322: Type 'Control<{ category: string; materialNumber: string; addStock: boolean; oldMaterialNo?: string | undefined; materialDescription?: string | undefined; brand?: string | undefined; costSap?: string | undefined; ... 6 more ...; initialStock?: number | undefined; }, any, TFieldValues>' is not assignable to type 'Control<{ category: string; materialNumber: string; addStock: boolean; oldMaterialNo?: string | undefined; materialDescription?: string | undefined; brand?: string | undefined; costSap?: string | undefined; ... 6 more ...; initialStock?: number | undefined; }, any, { ...; }>'.
  The types of '_options.resolver' are incompatible between these types.
    Type 'Resolver<{ category: string; materialNumber: string; addStock: boolean; oldMaterialNo?: string | undefined; materialDescription?: string | undefined; brand?: string | undefined; costSap?: string | undefined; ... 6 more ...; initialStock?: number | undefined; }, any, TFieldValues> | undefined' is not assignable to type 'Resolver<{ category: string; materialNumber: string; addStock: boolean; oldMaterialNo?: string | undefined; materialDescription?: string | undefined; brand?: string | undefined; costSap?: string | undefined; ... 6 more ...; initialStock?: number | undefined; }, any, { ...; }> | undefined'.
      Type 'Resolver<{ category: string; materialNumber: string; addStock: boolean; oldMaterialNo?: string | undefined; materialDescription?: string | undefined; brand?: string | undefined; costSap?: string | undefined; ... 6 more ...; initialStock?: number | undefined; }, any, TFieldValues>' is not assignable to type 'Resolver<{ category: string; materialNumber: string; addStock: boolean; oldMaterialNo?: string | undefined; materialDescription?: string | undefined; brand?: string | undefined; costSap?: string | undefined; ... 6 more ...; initialStock?: number | undefined; }, any, { ...; }>'.
        Type 'TFieldValues' is not assignable to type '{ category: string; materialNumber: string; addStock: boolean; oldMaterialNo?: string | undefined; materialDescription?: string | undefined; brand?: string | undefined; costSap?: string | undefined; ... 6 more ...; initialStock?: number | undefined; }'.
          Type 'FieldValues' is missing the following properties from type '{ category: string; materialNumber: string; addStock: boolean; oldMaterialNo?: string | undefined; materialDescription?: string | undefined; brand?: string | undefined; costSap?: string | undefined; ... 6 more ...; initialStock?: number | undefined; }': category, materialNumber, addStock
app/dashboard/sales-orders/_components/quick-add-product-dialog.tsx(288,41): error TS2322: Type 'Control<{ category: string; materialNumber: string; addStock: boolean; oldMaterialNo?: string | undefined; materialDescription?: string | undefined; brand?: string | undefined; costSap?: string | undefined; ... 6 more ...; initialStock?: number | undefined; }, any, TFieldValues>' is not assignable to type 'Control<{ category: string; materialNumber: string; addStock: boolean; oldMaterialNo?: string | undefined; materialDescription?: string | undefined; brand?: string | undefined; costSap?: string | undefined; ... 6 more ...; initialStock?: number | undefined; }, any, { ...; }>'.
  The types of '_options.resolver' are incompatible between these types.
    Type 'Resolver<{ category: string; materialNumber: string; addStock: boolean; oldMaterialNo?: string | undefined; materialDescription?: string | undefined; brand?: string | undefined; costSap?: string | undefined; ... 6 more ...; initialStock?: number | undefined; }, any, TFieldValues> | undefined' is not assignable to type 'Resolver<{ category: string; materialNumber: string; addStock: boolean; oldMaterialNo?: string | undefined; materialDescription?: string | undefined; brand?: string | undefined; costSap?: string | undefined; ... 6 more ...; initialStock?: number | undefined; }, any, { ...; }> | undefined'.
      Type 'Resolver<{ category: string; materialNumber: string; addStock: boolean; oldMaterialNo?: string | undefined; materialDescription?: string | undefined; brand?: string | undefined; costSap?: string | undefined; ... 6 more ...; initialStock?: number | undefined; }, any, TFieldValues>' is not assignable to type 'Resolver<{ category: string; materialNumber: string; addStock: boolean; oldMaterialNo?: string | undefined; materialDescription?: string | undefined; brand?: string | undefined; costSap?: string | undefined; ... 6 more ...; initialStock?: number | undefined; }, any, { ...; }>'.
        Type 'TFieldValues' is not assignable to type '{ category: string; materialNumber: string; addStock: boolean; oldMaterialNo?: string | undefined; materialDescription?: string | undefined; brand?: string | undefined; costSap?: string | undefined; ... 6 more ...; initialStock?: number | undefined; }'.
          Type 'FieldValues' is missing the following properties from type '{ category: string; materialNumber: string; addStock: boolean; oldMaterialNo?: string | undefined; materialDescription?: string | undefined; brand?: string | undefined; costSap?: string | undefined; ... 6 more ...; initialStock?: number | undefined; }': category, materialNumber, addStock
app/dashboard/stock-transfers/_components/transfer-dialog.tsx(75,17): error TS2353: Object literal may only specify known properties, and 'productId' does not exist in type '{ sourceWarehouseId: number; destinationWarehouseId: number; items: { productId: number; quantity: number; }[]; transferDate: Date; notes?: string | undefined; }'.
app/dashboard/stock-transfers/_components/transfer-dialog.tsx(85,36): error TS2339: Property 'error' does not exist on type '{ success: boolean; } | { success: boolean; error: string; }'.
  Property 'error' does not exist on type '{ success: boolean; }'.
app/dashboard/stock-transfers/create/_components/create-transfer-form.tsx(207,36): error TS2339: Property 'error' does not exist on type '{ success: boolean; } | { success: boolean; error: string; }'.
  Property 'error' does not exist on type '{ success: boolean; }'.
components/reports/report-components.tsx(160,24): error TS2322: Type '"destructive" | "secondary" | "warning"' is not assignable to type '"default" | "destructive" | "outline" | "secondary" | null | undefined'.
  Type '"warning"' is not assignable to type '"default" | "destructive" | "outline" | "secondary" | null | undefined'.
debug-permissions.ts(3,23): error TS2307: Cannot find module './db/schema/users' or its corresponding type declarations.
scripts/test-delivery-costs.ts(47,45): error TS2345: Argument of type '{ salesOrderId: number; warehouseId: number; scheduledDate: string; status: "scheduled"; deliveryType: "full"; isExternal: boolean; costGasoline: number; costToll: number; costParking: number; costMeals: number; costMaintenance: number; costOthers: number; items: { ...; }[]; }' is not assignable to parameter of type '{ salesOrderId: number; scheduledDate: string | Date; status: "scheduled" | "partial" | "cancelled" | "ready" | "in_transit" | "delivered"; deliveryType: "full" | "partial"; ... 18 more ...; notes?: string | ... 1 more ... | undefined; }'.
  Property 'shippingCost' is missing in type '{ salesOrderId: number; warehouseId: number; scheduledDate: string; status: "scheduled"; deliveryType: "full"; isExternal: boolean; costGasoline: number; costToll: number; costParking: number; costMeals: number; costMaintenance: number; costOthers: number; items: { ...; }[]; }' but required in type '{ salesOrderId: number; scheduledDate: string | Date; status: "scheduled" | "partial" | "cancelled" | "ready" | "in_transit" | "delivered"; deliveryType: "full" | "partial"; ... 18 more ...; notes?: string | ... 1 more ... | undefined; }'.
scripts/test-delivery-costs.ts(49,38): error TS2339: Property 'id' does not exist on type '{ success: boolean; id: number; } | { success: boolean; error: string; }'.
  Property 'id' does not exist on type '{ success: boolean; error: string; }'.
scripts/test-delivery-costs.ts(50,61): error TS2339: Property 'id' does not exist on type '{ success: boolean; id: number; } | { success: boolean; error: string; }'.
  Property 'id' does not exist on type '{ success: boolean; error: string; }'.
scripts/test-delivery-costs.ts(54,49): error TS2339: Property 'id' does not exist on type '{ success: boolean; id: number; } | { success: boolean; error: string; }'.
  Property 'id' does not exist on type '{ success: boolean; error: string; }'.
scripts/test-delivery-costs.ts(72,64): error TS2339: Property 'error' does not exist on type '{ success: boolean; id: number; } | { success: boolean; error: string; }'.
  Property 'error' does not exist on type '{ success: boolean; id: number; }'.
